Component: ARM Compiler 5.06 update 6 (build 750) Tool: armlink [4d35ed]

==============================================================================

Section Cross References

    main.o(i.TIM17_IRQHandler) refers to main.o(i.TimingDelayDec) for TimingDelayDec
    main.o(i.TimingDelayDec) refers to main.o(.data) for TimingDelay
    main.o(i.delay_ms) refers to main.o(.data) for TimingDelay
    main.o(i.initial) refers to main.o(i.__NVIC_SetPriority) for __NVIC_SetPriority
    main.o(i.main) refers to main.o(i.initial) for initial
    main.o(i.main) refers to main.o(i.delay_ms) for delay_ms
    main.o(i.main) refers to ssd1306.o(i.LCD_Init) for LCD_Init
    main.o(i.main) refers to ssd1306.o(i.LCD_Clear) for LCD_Clear
    main.o(i.main) refers to ssd1306.o(i.LCD_Gotoxy) for LCD_Gotoxy
    main.o(i.main) refers to ssd1306.o(i.LCD_PrintStr) for LCD_PrintStr
    main.o(i.main) refers to bmp280.o(i.bmp280_init_default_params) for bmp280_init_default_params
    main.o(i.main) refers to bmp280.o(i.bmp280_init) for bmp280_init
    main.o(i.main) refers to bmp280.o(i.bmp280_force_measurement) for bmp280_force_measurement
    main.o(i.main) refers to bmp280.o(i.bmp280_is_measuring) for bmp280_is_measuring
    main.o(i.main) refers to bmp280.o(i.bmp280_read_fixed) for bmp280_read_fixed
    main.o(i.main) refers to aeabi_sdiv.o(.text) for __aeabi_idivmod
    main.o(i.main) refers to ssd1306.o(i.LCD_PrintDec) for LCD_PrintDec
    main.o(i.main) refers to bmp280.o(i.bmp280_sleep) for bmp280_sleep
    main.o(i.main) refers to main.o(.bss) for bmp280
    main.o(i.main) refers to main.o(.data) for sec05_f
    vl53l0x.o(i.VL53L0X_getMeasurementTimingBudget) refers to vl53l0x.o(i.VL53L0X_getSequenceStepEnables) for VL53L0X_getSequenceStepEnables
    vl53l0x.o(i.VL53L0X_getMeasurementTimingBudget) refers to vl53l0x.o(i.VL53L0X_getSequenceStepTimeouts) for VL53L0X_getSequenceStepTimeouts
    vl53l0x.o(i.VL53L0X_getMeasurementTimingBudget) refers to vl53l0x.o(.bss) for VL53L0X
    vl53l0x.o(i.VL53L0X_getSequenceStepEnables) refers to vl53l0x.o(i.VL53L0X_readReg) for VL53L0X_readReg
    vl53l0x.o(i.VL53L0X_getSequenceStepTimeouts) refers to vl53l0x.o(i.VL53L0X_getVcselPulsePeriod) for VL53L0X_getVcselPulsePeriod
    vl53l0x.o(i.VL53L0X_getSequenceStepTimeouts) refers to vl53l0x.o(i.VL53L0X_readReg) for VL53L0X_readReg
    vl53l0x.o(i.VL53L0X_getSequenceStepTimeouts) refers to vl53l0x.o(i.VL53L0X_timeoutMclksToMicroseconds) for VL53L0X_timeoutMclksToMicroseconds
    vl53l0x.o(i.VL53L0X_getSequenceStepTimeouts) refers to vl53l0x.o(i.VL53L0X_readReg16Bit) for VL53L0X_readReg16Bit
    vl53l0x.o(i.VL53L0X_getSequenceStepTimeouts) refers to vl53l0x.o(i.VL53L0X_decodeTimeout) for VL53L0X_decodeTimeout
    vl53l0x.o(i.VL53L0X_getSignalRateLimit) refers to vl53l0x.o(i.VL53L0X_readReg16Bit) for VL53L0X_readReg16Bit
    vl53l0x.o(i.VL53L0X_getSignalRateLimit) refers to fflti.o(.text) for __aeabi_ui2f
    vl53l0x.o(i.VL53L0X_getSignalRateLimit) refers to fdiv.o(.text) for __aeabi_fdiv
    vl53l0x.o(i.VL53L0X_getSpadInfo) refers to vl53l0x.o(i.VL53L0X_writeReg) for VL53L0X_writeReg
    vl53l0x.o(i.VL53L0X_getSpadInfo) refers to vl53l0x.o(i.VL53L0X_readReg) for VL53L0X_readReg
    vl53l0x.o(i.VL53L0X_getSpadInfo) refers to vl53l0x.o(.bss) for VL53L0X
    vl53l0x.o(i.VL53L0X_getVcselPulsePeriod) refers to vl53l0x.o(i.VL53L0X_readReg) for VL53L0X_readReg
    vl53l0x.o(i.VL53L0X_init) refers to vl53l0x.o(i.VL53L0X_readReg) for VL53L0X_readReg
    vl53l0x.o(i.VL53L0X_init) refers to vl53l0x.o(i.VL53L0X_writeReg) for VL53L0X_writeReg
    vl53l0x.o(i.VL53L0X_init) refers to vl53l0x.o(i.VL53L0X_setSignalRateLimit) for VL53L0X_setSignalRateLimit
    vl53l0x.o(i.VL53L0X_init) refers to vl53l0x.o(i.VL53L0X_getSpadInfo) for VL53L0X_getSpadInfo
    vl53l0x.o(i.VL53L0X_init) refers to vl53l0x.o(i.VL53L0X_readMulti) for VL53L0X_readMulti
    vl53l0x.o(i.VL53L0X_init) refers to vl53l0x.o(i.VL53L0X_writeMulti) for VL53L0X_writeMulti
    vl53l0x.o(i.VL53L0X_init) refers to vl53l0x.o(i.VL53L0X_getMeasurementTimingBudget) for VL53L0X_getMeasurementTimingBudget
    vl53l0x.o(i.VL53L0X_init) refers to vl53l0x.o(i.VL53L0X_setMeasurementTimingBudget) for VL53L0X_setMeasurementTimingBudget
    vl53l0x.o(i.VL53L0X_init) refers to vl53l0x.o(i.VL53L0X_performSingleRefCalibration) for VL53L0X_performSingleRefCalibration
    vl53l0x.o(i.VL53L0X_init) refers to vl53l0x.o(.bss) for VL53L0X
    vl53l0x.o(i.VL53L0X_performSingleRefCalibration) refers to vl53l0x.o(i.VL53L0X_writeReg) for VL53L0X_writeReg
    vl53l0x.o(i.VL53L0X_performSingleRefCalibration) refers to vl53l0x.o(i.VL53L0X_readReg) for VL53L0X_readReg
    vl53l0x.o(i.VL53L0X_performSingleRefCalibration) refers to vl53l0x.o(.bss) for VL53L0X
    vl53l0x.o(i.VL53L0X_readMulti) refers to vl53l0x.o(.bss) for VL53L0X
    vl53l0x.o(i.VL53L0X_readRangeContinuousMillimeters) refers to vl53l0x.o(i.VL53L0X_readReg) for VL53L0X_readReg
    vl53l0x.o(i.VL53L0X_readRangeContinuousMillimeters) refers to vl53l0x.o(i.VL53L0X_readReg16Bit) for VL53L0X_readReg16Bit
    vl53l0x.o(i.VL53L0X_readRangeContinuousMillimeters) refers to vl53l0x.o(i.VL53L0X_writeReg) for VL53L0X_writeReg
    vl53l0x.o(i.VL53L0X_readRangeContinuousMillimeters) refers to vl53l0x.o(.bss) for VL53L0X
    vl53l0x.o(i.VL53L0X_readRangeSingleMillimeters) refers to vl53l0x.o(i.VL53L0X_writeReg) for VL53L0X_writeReg
    vl53l0x.o(i.VL53L0X_readRangeSingleMillimeters) refers to vl53l0x.o(i.VL53L0X_readReg) for VL53L0X_readReg
    vl53l0x.o(i.VL53L0X_readRangeSingleMillimeters) refers to vl53l0x.o(i.VL53L0X_readRangeContinuousMillimeters) for VL53L0X_readRangeContinuousMillimeters
    vl53l0x.o(i.VL53L0X_readRangeSingleMillimeters) refers to vl53l0x.o(.bss) for VL53L0X
    vl53l0x.o(i.VL53L0X_readReg) refers to vl53l0x.o(.bss) for VL53L0X
    vl53l0x.o(i.VL53L0X_readReg16Bit) refers to vl53l0x.o(.bss) for VL53L0X
    vl53l0x.o(i.VL53L0X_readReg32Bit) refers to vl53l0x.o(.bss) for VL53L0X
    vl53l0x.o(i.VL53L0X_setAddress) refers to vl53l0x.o(i.VL53L0X_writeReg) for VL53L0X_writeReg
    vl53l0x.o(i.VL53L0X_setAddress) refers to vl53l0x.o(.bss) for VL53L0X
    vl53l0x.o(i.VL53L0X_setMeasurementTimingBudget) refers to vl53l0x.o(i.VL53L0X_getSequenceStepEnables) for VL53L0X_getSequenceStepEnables
    vl53l0x.o(i.VL53L0X_setMeasurementTimingBudget) refers to vl53l0x.o(i.VL53L0X_getSequenceStepTimeouts) for VL53L0X_getSequenceStepTimeouts
    vl53l0x.o(i.VL53L0X_setMeasurementTimingBudget) refers to vl53l0x.o(i.VL53L0X_timeoutMicrosecondsToMclks) for VL53L0X_timeoutMicrosecondsToMclks
    vl53l0x.o(i.VL53L0X_setMeasurementTimingBudget) refers to vl53l0x.o(i.VL53L0X_encodeTimeout) for VL53L0X_encodeTimeout
    vl53l0x.o(i.VL53L0X_setMeasurementTimingBudget) refers to vl53l0x.o(i.VL53L0X_writeReg16Bit) for VL53L0X_writeReg16Bit
    vl53l0x.o(i.VL53L0X_setMeasurementTimingBudget) refers to vl53l0x.o(.bss) for VL53L0X
    vl53l0x.o(i.VL53L0X_setSignalRateLimit) refers to flef.o(x$fpl$fleqf) for __aeabi_cfcmple
    vl53l0x.o(i.VL53L0X_setSignalRateLimit) refers to f2d.o(.text) for __aeabi_f2d
    vl53l0x.o(i.VL53L0X_setSignalRateLimit) refers to drlef.o(x$fpl$drleqf) for __aeabi_cdrcmple
    vl53l0x.o(i.VL53L0X_setSignalRateLimit) refers to fmul.o(x$fpl$fmul) for __aeabi_fmul
    vl53l0x.o(i.VL53L0X_setSignalRateLimit) refers to ffixui.o(.text) for __aeabi_f2uiz
    vl53l0x.o(i.VL53L0X_setSignalRateLimit) refers to vl53l0x.o(i.VL53L0X_writeReg16Bit) for VL53L0X_writeReg16Bit
    vl53l0x.o(i.VL53L0X_setVcselPulsePeriod) refers to vl53l0x.o(i.VL53L0X_getSequenceStepEnables) for VL53L0X_getSequenceStepEnables
    vl53l0x.o(i.VL53L0X_setVcselPulsePeriod) refers to vl53l0x.o(i.VL53L0X_getSequenceStepTimeouts) for VL53L0X_getSequenceStepTimeouts
    vl53l0x.o(i.VL53L0X_setVcselPulsePeriod) refers to vl53l0x.o(i.VL53L0X_writeReg) for VL53L0X_writeReg
    vl53l0x.o(i.VL53L0X_setVcselPulsePeriod) refers to vl53l0x.o(i.VL53L0X_timeoutMicrosecondsToMclks) for VL53L0X_timeoutMicrosecondsToMclks
    vl53l0x.o(i.VL53L0X_setVcselPulsePeriod) refers to vl53l0x.o(i.VL53L0X_encodeTimeout) for VL53L0X_encodeTimeout
    vl53l0x.o(i.VL53L0X_setVcselPulsePeriod) refers to vl53l0x.o(i.VL53L0X_writeReg16Bit) for VL53L0X_writeReg16Bit
    vl53l0x.o(i.VL53L0X_setVcselPulsePeriod) refers to vl53l0x.o(i.VL53L0X_setMeasurementTimingBudget) for VL53L0X_setMeasurementTimingBudget
    vl53l0x.o(i.VL53L0X_setVcselPulsePeriod) refers to vl53l0x.o(i.VL53L0X_readReg) for VL53L0X_readReg
    vl53l0x.o(i.VL53L0X_setVcselPulsePeriod) refers to vl53l0x.o(i.VL53L0X_performSingleRefCalibration) for VL53L0X_performSingleRefCalibration
    vl53l0x.o(i.VL53L0X_setVcselPulsePeriod) refers to vl53l0x.o(.bss) for VL53L0X
    vl53l0x.o(i.VL53L0X_timeoutMclksToMicroseconds) refers to aeabi_sdiv.o(.text) for __aeabi_uidivmod
    vl53l0x.o(i.VL53L0X_timeoutMicrosecondsToMclks) refers to aeabi_sdiv.o(.text) for __aeabi_uidivmod
    vl53l0x.o(i.VL53L0X_writeMulti) refers to vl53l0x.o(.bss) for VL53L0X
    vl53l0x.o(i.VL53L0X_writeReg) refers to vl53l0x.o(.bss) for VL53L0X
    vl53l0x.o(i.VL53L0X_writeReg16Bit) refers to vl53l0x.o(.bss) for VL53L0X
    vl53l0x.o(i.VL53L0X_writeReg32Bit) refers to vl53l0x.o(.bss) for VL53L0X
    vl53l0x.o(i.init_VL53L0X) refers to vl53l0x.o(i.VL53L0X_readReg) for VL53L0X_readReg
    vl53l0x.o(i.init_VL53L0X) refers to vl53l0x.o(i.VL53L0X_init) for VL53L0X_init
    vl53l0x.o(i.init_VL53L0X) refers to vl53l0x.o(i.VL53L0X_setMeasurementTimingBudget) for VL53L0X_setMeasurementTimingBudget
    vl53l0x.o(i.init_VL53L0X) refers to vl53l0x.o(.bss) for VL53L0X
    vl53l0x.o(i.init_VL53L0X) refers to vl53l0x.o(.data) for VL53L0X_rev_id
    ssd1306.o(i.CMD) refers to ssd1306.o(i.I2C_write) for I2C_write
    ssd1306.o(i.Flip_mode) refers to ssd1306.o(i.I2C_Start) for I2C_Start
    ssd1306.o(i.Flip_mode) refers to ssd1306.o(i.CMD) for CMD
    ssd1306.o(i.Flip_mode) refers to ssd1306.o(i.I2C_Stop) for I2C_Stop
    ssd1306.o(i.LCD_Char) refers to ssd1306.o(i.I2C_Start) for I2C_Start
    ssd1306.o(i.LCD_Char) refers to ssd1306.o(i.I2C_write) for I2C_write
    ssd1306.o(i.LCD_Char) refers to ssd1306.o(i.I2C_Stop) for I2C_Stop
    ssd1306.o(i.LCD_Char) refers to ssd1306.o(.constdata) for font
    ssd1306.o(i.LCD_Clear) refers to ssd1306.o(i.I2C_Start) for I2C_Start
    ssd1306.o(i.LCD_Clear) refers to ssd1306.o(i.CMD) for CMD
    ssd1306.o(i.LCD_Clear) refers to ssd1306.o(i.I2C_write) for I2C_write
    ssd1306.o(i.LCD_Clear) refers to ssd1306.o(i.I2C_Stop) for I2C_Stop
    ssd1306.o(i.LCD_ClearStr) refers to ssd1306.o(i.LCD_Gotoxy) for LCD_Gotoxy
    ssd1306.o(i.LCD_ClearStr) refers to ssd1306.o(i.I2C_Start) for I2C_Start
    ssd1306.o(i.LCD_ClearStr) refers to ssd1306.o(i.CMD) for CMD
    ssd1306.o(i.LCD_ClearStr) refers to ssd1306.o(i.I2C_write) for I2C_write
    ssd1306.o(i.LCD_ClearStr) refers to ssd1306.o(i.I2C_Stop) for I2C_Stop
    ssd1306.o(i.LCD_Gotoxy) refers to ssd1306.o(i.I2C_Start) for I2C_Start
    ssd1306.o(i.LCD_Gotoxy) refers to ssd1306.o(i.CMD) for CMD
    ssd1306.o(i.LCD_Gotoxy) refers to ssd1306.o(i.I2C_Stop) for I2C_Stop
    ssd1306.o(i.LCD_Init) refers to ssd1306.o(i.I2C_Start) for I2C_Start
    ssd1306.o(i.LCD_Init) refers to ssd1306.o(i.CMD) for CMD
    ssd1306.o(i.LCD_Init) refers to ssd1306.o(i.I2C_Stop) for I2C_Stop
    ssd1306.o(i.LCD_Init) refers to ssd1306.o(.constdata) for init_lcd
    ssd1306.o(i.LCD_PrintBin) refers to ssd1306.o(i.LCD_Char) for LCD_Char
    ssd1306.o(i.LCD_PrintDec) refers to aeabi_sdiv.o(.text) for __aeabi_idivmod
    ssd1306.o(i.LCD_PrintDec) refers to ssd1306.o(i.LCD_Char) for LCD_Char
    ssd1306.o(i.LCD_PrintHex) refers to ssd1306.o(i.LCD_Char) for LCD_Char
    ssd1306.o(i.LCD_PrintStr) refers to ssd1306.o(i.LCD_Char) for LCD_Char
    ssd1306.o(i.LCD_mode) refers to ssd1306.o(i.I2C_Start) for I2C_Start
    ssd1306.o(i.LCD_mode) refers to ssd1306.o(i.CMD) for CMD
    ssd1306.o(i.LCD_mode) refers to ssd1306.o(i.I2C_Stop) for I2C_Stop
    ssd1306.o(i.scroll_area) refers to ssd1306.o(i.I2C_Start) for I2C_Start
    ssd1306.o(i.scroll_area) refers to ssd1306.o(i.CMD) for CMD
    ssd1306.o(i.scroll_area) refers to ssd1306.o(i.I2C_Stop) for I2C_Stop
    ssd1306.o(i.scroll_vleft) refers to ssd1306.o(i.I2C_Start) for I2C_Start
    ssd1306.o(i.scroll_vleft) refers to ssd1306.o(i.CMD) for CMD
    ssd1306.o(i.scroll_vleft) refers to ssd1306.o(i.I2C_Stop) for I2C_Stop
    ssd1306.o(i.scroll_vright) refers to ssd1306.o(i.I2C_Start) for I2C_Start
    ssd1306.o(i.scroll_vright) refers to ssd1306.o(i.CMD) for CMD
    ssd1306.o(i.scroll_vright) refers to ssd1306.o(i.I2C_Stop) for I2C_Stop
    ssd1306.o(i.slide_left) refers to ssd1306.o(i.I2C_Start) for I2C_Start
    ssd1306.o(i.slide_left) refers to ssd1306.o(i.CMD) for CMD
    ssd1306.o(i.slide_left) refers to ssd1306.o(i.I2C_Stop) for I2C_Stop
    ssd1306.o(i.slide_right) refers to ssd1306.o(i.I2C_Start) for I2C_Start
    ssd1306.o(i.slide_right) refers to ssd1306.o(i.CMD) for CMD
    ssd1306.o(i.slide_right) refers to ssd1306.o(i.I2C_Stop) for I2C_Stop
    ssd1306.o(i.start_slide) refers to ssd1306.o(i.I2C_Start) for I2C_Start
    ssd1306.o(i.start_slide) refers to ssd1306.o(i.CMD) for CMD
    ssd1306.o(i.start_slide) refers to ssd1306.o(i.I2C_Stop) for I2C_Stop
    ssd1306.o(i.stop_slide) refers to ssd1306.o(i.I2C_Start) for I2C_Start
    ssd1306.o(i.stop_slide) refers to ssd1306.o(i.CMD) for CMD
    ssd1306.o(i.stop_slide) refers to ssd1306.o(i.I2C_Stop) for I2C_Stop
    bmp280.o(i.bmp280_force_measurement) refers to bmp280.o(i.readReg8) for readReg8
    bmp280.o(i.bmp280_force_measurement) refers to bmp280.o(i.writeReg8) for writeReg8
    bmp280.o(i.bmp280_init) refers to bmp280.o(i.readReg8) for readReg8
    bmp280.o(i.bmp280_init) refers to bmp280.o(i.writeReg8) for writeReg8
    bmp280.o(i.bmp280_init) refers to bmp280.o(i.read_calibration_data) for read_calibration_data
    bmp280.o(i.bmp280_init) refers to bmp280.o(i.read_hum_calibration_data) for read_hum_calibration_data
    bmp280.o(i.bmp280_is_measuring) refers to bmp280.o(i.readReg8) for readReg8
    bmp280.o(i.bmp280_read_fixed) refers to bmp280.o(i.readMulti) for readMulti
    bmp280.o(i.bmp280_read_fixed) refers to bmp280.o(i.compensate_pressure) for compensate_pressure
    bmp280.o(i.bmp280_read_fixed) refers to dflti.o(.text) for __aeabi_ui2d
    bmp280.o(i.bmp280_read_fixed) refers to dmul.o(.text) for __aeabi_dmul
    bmp280.o(i.bmp280_read_fixed) refers to dfixui.o(.text) for __aeabi_d2uiz
    bmp280.o(i.bmp280_read_fixed) refers to bmp280.o(i.compensate_humidity) for compensate_humidity
    bmp280.o(i.compensate_pressure) refers to llmul.o(.text) for __aeabi_lmul
    bmp280.o(i.compensate_pressure) refers to llsdiv.o(.text) for __aeabi_ldivmod
    bmp280.o(i.read_calibration_data) refers to bmp280.o(i.readReg8) for readReg8
    bmp280.o(i.read_hum_calibration_data) refers to bmp280.o(i.readReg8) for readReg8
    startup_stm32f042x6.o(STACK) refers (Special) to heapauxi.o(.text) for __use_two_region_memory
    startup_stm32f042x6.o(HEAP) refers (Special) to heapauxi.o(.text) for __use_two_region_memory
    startup_stm32f042x6.o(RESET) refers (Special) to heapauxi.o(.text) for __use_two_region_memory
    startup_stm32f042x6.o(RESET) refers to startup_stm32f042x6.o(STACK) for __initial_sp
    startup_stm32f042x6.o(RESET) refers to startup_stm32f042x6.o(.text) for Reset_Handler
    startup_stm32f042x6.o(RESET) refers to main.o(i.TIM2_IRQHandler) for TIM2_IRQHandler
    startup_stm32f042x6.o(RESET) refers to main.o(i.TIM17_IRQHandler) for TIM17_IRQHandler
    startup_stm32f042x6.o(.text) refers (Special) to heapauxi.o(.text) for __use_two_region_memory
    startup_stm32f042x6.o(.text) refers to startup_stm32f042x6.o(STACK) for __initial_sp
    startup_stm32f042x6.o(.text) refers to system_stm32f0xx.o(i.SystemInit) for SystemInit
    startup_stm32f042x6.o(.text) refers to __main.o(!!!main) for __main
    startup_stm32f042x6.o(.text) refers to startup_stm32f042x6.o(HEAP) for Heap_Mem
    system_stm32f0xx.o(i.SystemCoreClockUpdate) refers to aeabi_sdiv.o(.text) for __aeabi_uidivmod
    system_stm32f0xx.o(i.SystemCoreClockUpdate) refers to system_stm32f0xx.o(.data) for SystemCoreClock
    system_stm32f0xx.o(i.SystemCoreClockUpdate) refers to system_stm32f0xx.o(.constdata) for AHBPrescTable
    llsdiv.o(.text) refers to lludiv.o(.text) for __aeabi_uldivmod
    __main.o(!!!main) refers to __rtentry.o(.ARM.Collect$$rtentry$$00000000) for __rt_entry
    dfixui.o(.text) refers (Special) to usenofp.o(x$fpl$usenofp) for __I$use$fp
    dflti.o(.text) refers (Special) to usenofp.o(x$fpl$usenofp) for __I$use$fp
    dmul.o(.text) refers (Special) to usenofp.o(x$fpl$usenofp) for __I$use$fp
    drlef.o(x$fpl$drleqf) refers (Special) to usenofp.o(x$fpl$usenofp) for __I$use$fp
    drlef.o(x$fpl$drleqf) refers to dcmpin.o(.text) for __fpl_dcmp_InfNaN
    f2d.o(.text) refers (Special) to usenofp.o(x$fpl$usenofp) for __I$use$fp
    fdiv.o(.text) refers (Special) to usenofp.o(x$fpl$usenofp) for __I$use$fp
    fdiv.o(.text) refers to fdiv.o(.constdata) for .constdata
    fdiv.o(.constdata) refers (Special) to usenofp.o(x$fpl$usenofp) for __I$use$fp
    ffixui.o(.text) refers (Special) to usenofp.o(x$fpl$usenofp) for __I$use$fp
    fflti.o(.text) refers (Special) to usenofp.o(x$fpl$usenofp) for __I$use$fp
    flef.o(x$fpl$fleqf) refers (Special) to usenofp.o(x$fpl$usenofp) for __I$use$fp
    flef.o(x$fpl$fleqf) refers to fcmpin.o(.text) for __fpl_fcmp_InfNaN
    fmul.o(x$fpl$fmul) refers (Special) to usenofp.o(x$fpl$usenofp) for __I$use$fp
    __rtentry.o(.ARM.Collect$$rtentry$$00000000) refers (Special) to __rtentry2.o(.ARM.Collect$$rtentry$$0000000A) for __rt_entry_li
    __rtentry.o(.ARM.Collect$$rtentry$$00000000) refers (Special) to __rtentry2.o(.ARM.Collect$$rtentry$$0000000D) for __rt_entry_main
    __rtentry.o(.ARM.Collect$$rtentry$$00000000) refers (Special) to __rtentry2.o(.ARM.Collect$$rtentry$$0000000C) for __rt_entry_postli_1
    __rtentry.o(.ARM.Collect$$rtentry$$00000000) refers (Special) to __rtentry2.o(.ARM.Collect$$rtentry$$00000009) for __rt_entry_postsh_1
    __rtentry.o(.ARM.Collect$$rtentry$$00000000) refers (Special) to __rtentry2.o(.ARM.Collect$$rtentry$$00000002) for __rt_entry_presh_1
    __rtentry.o(.ARM.Collect$$rtentry$$00000000) refers (Special) to __rtentry4.o(.ARM.Collect$$rtentry$$00000004) for __rt_entry_sh
    aeabi_idiv0_sigfpe.o(.text) refers to rt_div0.o(.text) for __rt_div0
    dcmpin.o(.text) refers (Special) to usenofp.o(x$fpl$usenofp) for __I$use$fp
    dcmpin.o(.text) refers to cmpret.o(.text) for __fpl_cmpreturn
    dcmpin.o(.text) refers to dnan2.o(.text) for __fpl_dcheck_NaN2
    fcmpin.o(.text) refers (Special) to usenofp.o(x$fpl$usenofp) for __I$use$fp
    fcmpin.o(.text) refers to cmpret.o(.text) for __fpl_cmpreturn
    fcmpin.o(.text) refers to fnan2.o(.text) for __fpl_fcheck_NaN2
    __rtentry2.o(.ARM.Collect$$rtentry$$00000008) refers to boardinit2.o(.text) for _platform_post_stackheap_init
    __rtentry2.o(.ARM.Collect$$rtentry$$0000000A) refers to libinit.o(.ARM.Collect$$libinit$$00000000) for __rt_lib_init
    __rtentry2.o(.ARM.Collect$$rtentry$$0000000B) refers to boardinit3.o(.text) for _platform_post_lib_init
    __rtentry2.o(.ARM.Collect$$rtentry$$0000000D) refers to main.o(i.main) for main
    __rtentry2.o(.ARM.Collect$$rtentry$$0000000D) refers to exit.o(.text) for exit
    __rtentry2.o(.ARM.exidx) refers to __rtentry2.o(.ARM.Collect$$rtentry$$00000001) for .ARM.Collect$$rtentry$$00000001
    __rtentry2.o(.ARM.exidx) refers to __rtentry2.o(.ARM.Collect$$rtentry$$00000008) for .ARM.Collect$$rtentry$$00000008
    __rtentry2.o(.ARM.exidx) refers to __rtentry2.o(.ARM.Collect$$rtentry$$0000000A) for .ARM.Collect$$rtentry$$0000000A
    __rtentry2.o(.ARM.exidx) refers to __rtentry2.o(.ARM.Collect$$rtentry$$0000000B) for .ARM.Collect$$rtentry$$0000000B
    __rtentry2.o(.ARM.exidx) refers to __rtentry2.o(.ARM.Collect$$rtentry$$0000000D) for .ARM.Collect$$rtentry$$0000000D
    __rtentry4.o(.ARM.Collect$$rtentry$$00000004) refers to sys_stackheap_outer.o(.text) for __user_setup_stackheap
    __rtentry4.o(.ARM.exidx) refers to __rtentry4.o(.ARM.Collect$$rtentry$$00000004) for .ARM.Collect$$rtentry$$00000004
    rt_div0.o(.text) refers to defsig_fpe_outer.o(.text) for __rt_SIGFPE
    aeabi_ldiv0_sigfpe.o(.text) refers to rt_div0.o(.text) for __rt_div0
    cmpret.o(.text) refers (Special) to usenofp.o(x$fpl$usenofp) for __I$use$fp
    dnan2.o(.text) refers (Special) to usenofp.o(x$fpl$usenofp) for __I$use$fp
    dnan2.o(.text) refers to retnan.o(.text) for __fpl_return_NaN
    fnan2.o(.text) refers (Special) to usenofp.o(x$fpl$usenofp) for __I$use$fp
    fnan2.o(.text) refers to retnan.o(.text) for __fpl_return_NaN
    sys_stackheap_outer.o(.text) refers to libspace.o(.text) for __user_perproc_libspace
    sys_stackheap_outer.o(.text) refers to startup_stm32f042x6.o(.text) for __user_initial_stackheap
    sys_stackheap_outer.o(__vectab_stack_and_reset_area) refers to tempstk.o(.text) for __temporary_stack_top
    sys_stackheap_outer.o(__vectab_stack_and_reset_area) refers to __main.o(!!!main) for __main
    exit.o(.text) refers to rtexit.o(.ARM.Collect$$rtexit$$00000000) for __rt_exit
    defsig_fpe_outer.o(.text) refers to defsig_fpe_inner.o(.text) for __rt_SIGFPE_inner
    defsig_fpe_outer.o(.text) refers to defsig_exit.o(.text) for __sig_exit
    defsig_fpe_formal.o(.text) refers to rt_raise.o(.text) for __rt_raise
    libinit.o(.ARM.Collect$$libinit$$00000000) refers (Special) to libinit2.o(.ARM.Collect$$libinit$$0000002E) for __rt_lib_init_alloca_1
    libinit.o(.ARM.Collect$$libinit$$00000000) refers (Special) to libinit2.o(.ARM.Collect$$libinit$$0000002C) for __rt_lib_init_argv_1
    libinit.o(.ARM.Collect$$libinit$$00000000) refers (Special) to libinit2.o(.ARM.Collect$$libinit$$0000001B) for __rt_lib_init_atexit_1
    libinit.o(.ARM.Collect$$libinit$$00000000) refers (Special) to libinit2.o(.ARM.Collect$$libinit$$00000021) for __rt_lib_init_clock_1
    libinit.o(.ARM.Collect$$libinit$$00000000) refers (Special) to libinit2.o(.ARM.Collect$$libinit$$00000032) for __rt_lib_init_cpp_1
    libinit.o(.ARM.Collect$$libinit$$00000000) refers (Special) to libinit2.o(.ARM.Collect$$libinit$$00000030) for __rt_lib_init_exceptions_1
    libinit.o(.ARM.Collect$$libinit$$00000000) refers (Special) to libinit2.o(.ARM.Collect$$libinit$$00000002) for __rt_lib_init_fp_1
    libinit.o(.ARM.Collect$$libinit$$00000000) refers (Special) to libinit2.o(.ARM.Collect$$libinit$$0000001F) for __rt_lib_init_fp_trap_1
    libinit.o(.ARM.Collect$$libinit$$00000000) refers (Special) to libinit2.o(.ARM.Collect$$libinit$$00000023) for __rt_lib_init_getenv_1
    libinit.o(.ARM.Collect$$libinit$$00000000) refers (Special) to libinit2.o(.ARM.Collect$$libinit$$0000000A) for __rt_lib_init_heap_1
    libinit.o(.ARM.Collect$$libinit$$00000000) refers (Special) to libinit2.o(.ARM.Collect$$libinit$$00000011) for __rt_lib_init_lc_collate_1
    libinit.o(.ARM.Collect$$libinit$$00000000) refers (Special) to libinit2.o(.ARM.Collect$$libinit$$00000013) for __rt_lib_init_lc_ctype_1
    libinit.o(.ARM.Collect$$libinit$$00000000) refers (Special) to libinit2.o(.ARM.Collect$$libinit$$00000015) for __rt_lib_init_lc_monetary_1
    libinit.o(.ARM.Collect$$libinit$$00000000) refers (Special) to libinit2.o(.ARM.Collect$$libinit$$00000017) for __rt_lib_init_lc_numeric_1
    libinit.o(.ARM.Collect$$libinit$$00000000) refers (Special) to libinit2.o(.ARM.Collect$$libinit$$00000019) for __rt_lib_init_lc_time_1
    libinit.o(.ARM.Collect$$libinit$$00000000) refers (Special) to libinit2.o(.ARM.Collect$$libinit$$00000004) for __rt_lib_init_preinit_1
    libinit.o(.ARM.Collect$$libinit$$00000000) refers (Special) to libinit2.o(.ARM.Collect$$libinit$$0000000E) for __rt_lib_init_rand_1
    libinit.o(.ARM.Collect$$libinit$$00000000) refers (Special) to libinit2.o(.ARM.Collect$$libinit$$00000033) for __rt_lib_init_return
    libinit.o(.ARM.Collect$$libinit$$00000000) refers (Special) to libinit2.o(.ARM.Collect$$libinit$$0000001D) for __rt_lib_init_signal_1
    libinit.o(.ARM.Collect$$libinit$$00000000) refers (Special) to libinit2.o(.ARM.Collect$$libinit$$00000025) for __rt_lib_init_stdio_1
    libinit.o(.ARM.Collect$$libinit$$00000000) refers (Special) to libinit2.o(.ARM.Collect$$libinit$$0000000C) for __rt_lib_init_user_alloc_1
    retnan.o(.text) refers (Special) to usenofp.o(x$fpl$usenofp) for __I$use$fp
    retnan.o(.text) refers to cmpret.o(.text) for __fpl_cmpreturn
    libspace.o(.text) refers to libspace.o(.bss) for __libspace_start
    rtexit.o(.ARM.Collect$$rtexit$$00000000) refers (Special) to rtexit2.o(.ARM.Collect$$rtexit$$00000004) for __rt_exit_exit
    rtexit.o(.ARM.Collect$$rtexit$$00000000) refers (Special) to rtexit2.o(.ARM.Collect$$rtexit$$00000003) for __rt_exit_ls
    rtexit.o(.ARM.Collect$$rtexit$$00000000) refers (Special) to rtexit2.o(.ARM.Collect$$rtexit$$00000002) for __rt_exit_prels_1
    rtexit.o(.ARM.exidx) refers (Special) to rtexit2.o(.ARM.Collect$$rtexit$$00000004) for __rt_exit_exit
    rtexit.o(.ARM.exidx) refers (Special) to rtexit2.o(.ARM.Collect$$rtexit$$00000003) for __rt_exit_ls
    rtexit.o(.ARM.exidx) refers (Special) to rtexit2.o(.ARM.Collect$$rtexit$$00000002) for __rt_exit_prels_1
    rtexit.o(.ARM.exidx) refers to rtexit.o(.ARM.Collect$$rtexit$$00000000) for .ARM.Collect$$rtexit$$00000000
    rt_raise.o(.text) refers to __raise.o(.text) for __raise
    rt_raise.o(.text) refers to sys_exit.o(.text) for _sys_exit
    defsig_exit.o(.text) refers to sys_exit.o(.text) for _sys_exit
    defsig_fpe_inner.o(.text) refers to defsig_general.o(.text) for __default_signal_display
    libinit2.o(.ARM.Collect$$libinit$$00000010) refers to libinit2.o(.ARM.Collect$$libinit$$0000000F) for .ARM.Collect$$libinit$$0000000F
    libinit2.o(.ARM.Collect$$libinit$$00000012) refers to libinit2.o(.ARM.Collect$$libinit$$0000000F) for .ARM.Collect$$libinit$$0000000F
    libinit2.o(.ARM.Collect$$libinit$$00000014) refers to libinit2.o(.ARM.Collect$$libinit$$0000000F) for .ARM.Collect$$libinit$$0000000F
    libinit2.o(.ARM.Collect$$libinit$$00000016) refers to libinit2.o(.ARM.Collect$$libinit$$0000000F) for .ARM.Collect$$libinit$$0000000F
    libinit2.o(.ARM.Collect$$libinit$$00000018) refers to libinit2.o(.ARM.Collect$$libinit$$0000000F) for .ARM.Collect$$libinit$$0000000F
    libinit2.o(.ARM.Collect$$libinit$$00000026) refers to argv_veneer.o(.text) for __ARM_argv_veneer
    libinit2.o(.ARM.Collect$$libinit$$00000027) refers to argv_veneer.o(.text) for __ARM_argv_veneer
    sys_exit.o(.text) refers (Special) to use_no_semi.o(.text) for __I$use$semihosting
    sys_exit.o(.text) refers (Special) to indicate_semi.o(.text) for __semihosting_library_function
    rtexit2.o(.ARM.Collect$$rtexit$$00000003) refers to libshutdown.o(.ARM.Collect$$libshutdown$$00000000) for __rt_lib_shutdown
    rtexit2.o(.ARM.Collect$$rtexit$$00000004) refers to sys_exit.o(.text) for _sys_exit
    rtexit2.o(.ARM.exidx) refers to rtexit2.o(.ARM.Collect$$rtexit$$00000001) for .ARM.Collect$$rtexit$$00000001
    rtexit2.o(.ARM.exidx) refers to rtexit2.o(.ARM.Collect$$rtexit$$00000003) for .ARM.Collect$$rtexit$$00000003
    rtexit2.o(.ARM.exidx) refers to rtexit2.o(.ARM.Collect$$rtexit$$00000004) for .ARM.Collect$$rtexit$$00000004
    __raise.o(.text) refers to defsig.o(CL$$defsig) for __default_signal_handler
    defsig_general.o(.text) refers to sys_wrch.o(.text) for _ttywrch
    sys_wrch.o(.text) refers (Special) to use_no_semi.o(.text) for __I$use$semihosting
    sys_wrch.o(.text) refers (Special) to indicate_semi.o(.text) for __semihosting_library_function
    defsig.o(CL$$defsig) refers to defsig_fpe_inner.o(.text) for __rt_SIGFPE_inner
    defsig.o(CL$$defsig) refers to defsig_rtmem_inner.o(.text) for __rt_SIGRTMEM_inner
    _get_argv_nomalloc.o(.text) refers (Special) to hrguard.o(.text) for __heap_region$guard
    _get_argv_nomalloc.o(.text) refers to defsig_rtmem_outer.o(.text) for __rt_SIGRTMEM
    _get_argv_nomalloc.o(.text) refers to sys_command.o(.text) for _sys_command_string
    libshutdown.o(.ARM.Collect$$libshutdown$$00000000) refers (Special) to libshutdown2.o(.ARM.Collect$$libshutdown$$00000002) for __rt_lib_shutdown_cpp_1
    libshutdown.o(.ARM.Collect$$libshutdown$$00000000) refers (Special) to libshutdown2.o(.ARM.Collect$$libshutdown$$00000007) for __rt_lib_shutdown_fp_trap_1
    libshutdown.o(.ARM.Collect$$libshutdown$$00000000) refers (Special) to libshutdown2.o(.ARM.Collect$$libshutdown$$0000000F) for __rt_lib_shutdown_heap_1
    libshutdown.o(.ARM.Collect$$libshutdown$$00000000) refers (Special) to libshutdown2.o(.ARM.Collect$$libshutdown$$00000010) for __rt_lib_shutdown_return
    libshutdown.o(.ARM.Collect$$libshutdown$$00000000) refers (Special) to libshutdown2.o(.ARM.Collect$$libshutdown$$0000000A) for __rt_lib_shutdown_signal_1
    libshutdown.o(.ARM.Collect$$libshutdown$$00000000) refers (Special) to libshutdown2.o(.ARM.Collect$$libshutdown$$00000004) for __rt_lib_shutdown_stdio_1
    libshutdown.o(.ARM.Collect$$libshutdown$$00000000) refers (Special) to libshutdown2.o(.ARM.Collect$$libshutdown$$0000000C) for __rt_lib_shutdown_user_alloc_1
    sys_command.o(.text) refers (Special) to use_no_semi.o(.text) for __I$use$semihosting
    sys_command.o(.text) refers (Special) to indicate_semi.o(.text) for __semihosting_library_function
    defsig_abrt_inner.o(.text) refers to defsig_general.o(.text) for __default_signal_display
    defsig_rtred_inner.o(.text) refers to defsig_general.o(.text) for __default_signal_display
    defsig_rtmem_inner.o(.text) refers to defsig_general.o(.text) for __default_signal_display
    defsig_rtmem_outer.o(.text) refers to defsig_rtmem_inner.o(.text) for __rt_SIGRTMEM_inner
    defsig_rtmem_outer.o(.text) refers to defsig_exit.o(.text) for __sig_exit
    defsig_rtmem_formal.o(.text) refers to rt_raise.o(.text) for __rt_raise
    defsig_stak_inner.o(.text) refers to defsig_general.o(.text) for __default_signal_display
    defsig_pvfn_inner.o(.text) refers to defsig_general.o(.text) for __default_signal_display
    defsig_cppl_inner.o(.text) refers to defsig_general.o(.text) for __default_signal_display
    defsig_segv_inner.o(.text) refers to defsig_general.o(.text) for __default_signal_display
    defsig_other.o(.text) refers to defsig_general.o(.text) for __default_signal_display


==============================================================================

Removing Unused input sections from the image.

    Removing main.o(.rev16_text), (4 bytes).
    Removing main.o(.revsh_text), (4 bytes).
    Removing vl53l0x.o(.rev16_text), (4 bytes).
    Removing vl53l0x.o(.revsh_text), (4 bytes).
    Removing vl53l0x.o(i.VL53L0X_decodeTimeout), (20 bytes).
    Removing vl53l0x.o(i.VL53L0X_encodeTimeout), (42 bytes).
    Removing vl53l0x.o(i.VL53L0X_getMeasurementTimingBudget), (168 bytes).
    Removing vl53l0x.o(i.VL53L0X_getSequenceStepEnables), (42 bytes).
    Removing vl53l0x.o(i.VL53L0X_getSequenceStepTimeouts), (106 bytes).
    Removing vl53l0x.o(i.VL53L0X_getSignalRateLimit), (26 bytes).
    Removing vl53l0x.o(i.VL53L0X_getSpadInfo), (216 bytes).
    Removing vl53l0x.o(i.VL53L0X_getVcselPulsePeriod), (40 bytes).
    Removing vl53l0x.o(i.VL53L0X_init), (1096 bytes).
    Removing vl53l0x.o(i.VL53L0X_performSingleRefCalibration), (64 bytes).
    Removing vl53l0x.o(i.VL53L0X_readMulti), (360 bytes).
    Removing vl53l0x.o(i.VL53L0X_readRangeContinuousMillimeters), (48 bytes).
    Removing vl53l0x.o(i.VL53L0X_readRangeSingleMillimeters), (100 bytes).
    Removing vl53l0x.o(i.VL53L0X_readReg), (348 bytes).
    Removing vl53l0x.o(i.VL53L0X_readReg16Bit), (368 bytes).
    Removing vl53l0x.o(i.VL53L0X_readReg32Bit), (364 bytes).
    Removing vl53l0x.o(i.VL53L0X_setAddress), (24 bytes).
    Removing vl53l0x.o(i.VL53L0X_setMeasurementTimingBudget), (248 bytes).
    Removing vl53l0x.o(i.VL53L0X_setSignalRateLimit), (76 bytes).
    Removing vl53l0x.o(i.VL53L0X_setVcselPulsePeriod), (544 bytes).
    Removing vl53l0x.o(i.VL53L0X_timeoutMclksToMicroseconds), (56 bytes).
    Removing vl53l0x.o(i.VL53L0X_timeoutMicrosecondsToMclks), (56 bytes).
    Removing vl53l0x.o(i.VL53L0X_writeMulti), (216 bytes).
    Removing vl53l0x.o(i.VL53L0X_writeReg), (200 bytes).
    Removing vl53l0x.o(i.VL53L0X_writeReg16Bit), (220 bytes).
    Removing vl53l0x.o(i.VL53L0X_writeReg32Bit), (220 bytes).
    Removing vl53l0x.o(i.init_VL53L0X), (60 bytes).
    Removing vl53l0x.o(.bss), (20 bytes).
    Removing vl53l0x.o(.data), (1 bytes).
    Removing ssd1306.o(.rev16_text), (4 bytes).
    Removing ssd1306.o(.revsh_text), (4 bytes).
    Removing ssd1306.o(i.Flip_mode), (44 bytes).
    Removing ssd1306.o(i.LCD_ClearStr), (90 bytes).
    Removing ssd1306.o(i.LCD_PrintBin), (94 bytes).
    Removing ssd1306.o(i.LCD_PrintHex), (124 bytes).
    Removing ssd1306.o(i.LCD_mode), (32 bytes).
    Removing ssd1306.o(i.scroll_area), (38 bytes).
    Removing ssd1306.o(i.scroll_vleft), (64 bytes).
    Removing ssd1306.o(i.scroll_vright), (64 bytes).
    Removing ssd1306.o(i.slide_left), (60 bytes).
    Removing ssd1306.o(i.slide_right), (60 bytes).
    Removing ssd1306.o(i.start_slide), (18 bytes).
    Removing ssd1306.o(i.stop_slide), (18 bytes).
    Removing bmp280.o(.rev16_text), (4 bytes).
    Removing bmp280.o(.revsh_text), (4 bytes).
    Removing bmp280.o(i.readReg16), (340 bytes).
    Removing bmp280.o(i.writeMulti), (204 bytes).
    Removing bmp280.o(i.writeReg16), (208 bytes).
    Removing system_stm32f0xx.o(.rev16_text), (4 bytes).
    Removing system_stm32f0xx.o(.revsh_text), (4 bytes).
    Removing system_stm32f0xx.o(i.SystemCoreClockUpdate), (208 bytes).
    Removing system_stm32f0xx.o(.constdata), (24 bytes).
    Removing system_stm32f0xx.o(.data), (4 bytes).

57 unused section(s) (total 7083 bytes) removed from the image.

==============================================================================

Image Symbol Table

    Local Symbols

    Symbol Name                              Value     Ov Type        Size  Object(Section)

    ../clib/angel/boardlib.s                 0x00000000   Number         0  boardinit1.o ABSOLUTE
    ../clib/angel/boardlib.s                 0x00000000   Number         0  boardinit2.o ABSOLUTE
    ../clib/angel/boardlib.s                 0x00000000   Number         0  boardshut.o ABSOLUTE
    ../clib/angel/boardlib.s                 0x00000000   Number         0  boardinit3.o ABSOLUTE
    ../clib/angel/handlers.s                 0x00000000   Number         0  __scatter_zi.o ABSOLUTE
    ../clib/angel/handlers.s                 0x00000000   Number         0  __scatter_copy.o ABSOLUTE
    ../clib/angel/kernel.s                   0x00000000   Number         0  __rtentry.o ABSOLUTE
    ../clib/angel/kernel.s                   0x00000000   Number         0  __rtentry4.o ABSOLUTE
    ../clib/angel/kernel.s                   0x00000000   Number         0  __rtentry2.o ABSOLUTE
    ../clib/angel/kernel.s                   0x00000000   Number         0  rtexit2.o ABSOLUTE
    ../clib/angel/kernel.s                   0x00000000   Number         0  rtexit.o ABSOLUTE
    ../clib/angel/rt.s                       0x00000000   Number         0  aeabi_idiv0.o ABSOLUTE
    ../clib/angel/rt.s                       0x00000000   Number         0  aeabi_ldiv0_sigfpe.o ABSOLUTE
    ../clib/angel/rt.s                       0x00000000   Number         0  aeabi_ldiv0.o ABSOLUTE
    ../clib/angel/rt.s                       0x00000000   Number         0  rt_div0.o ABSOLUTE
    ../clib/angel/rt.s                       0x00000000   Number         0  rt_raise.o ABSOLUTE
    ../clib/angel/rt.s                       0x00000000   Number         0  aeabi_idiv0_sigfpe.o ABSOLUTE
    ../clib/angel/scatterp.s                 0x00000000   Number         0  __scatter.o ABSOLUTE
    ../clib/angel/startup.s                  0x00000000   Number         0  __main.o ABSOLUTE
    ../clib/angel/sys.s                      0x00000000   Number         0  use_no_semi.o ABSOLUTE
    ../clib/angel/sys.s                      0x00000000   Number         0  sys_stackheap_outer.o ABSOLUTE
    ../clib/angel/sys.s                      0x00000000   Number         0  libspace.o ABSOLUTE
    ../clib/angel/sys.s                      0x00000000   Number         0  tempstk.o ABSOLUTE
    ../clib/angel/sys.s                      0x00000000   Number         0  indicate_semi.o ABSOLUTE
    ../clib/angel/sysapp.c                   0x00000000   Number         0  sys_exit.o ABSOLUTE
    ../clib/angel/sysapp.c                   0x00000000   Number         0  sys_command.o ABSOLUTE
    ../clib/angel/sysapp.c                   0x00000000   Number         0  sys_wrch.o ABSOLUTE
    ../clib/armsys.c                         0x00000000   Number         0  no_argv.o ABSOLUTE
    ../clib/armsys.c                         0x00000000   Number         0  _get_argv_nomalloc.o ABSOLUTE
    ../clib/armsys.c                         0x00000000   Number         0  argv_veneer.o ABSOLUTE
    ../clib/division.c                       0x00000000   Number         0  llsdiv.o ABSOLUTE
    ../clib/division.c                       0x00000000   Number         0  lludiv.o ABSOLUTE
    ../clib/division.s                       0x00000000   Number         0  aeabi_sdiv.o ABSOLUTE
    ../clib/division.s                       0x00000000   Number         0  aeabi_sdiv_div0.o ABSOLUTE
    ../clib/heapalloc.c                      0x00000000   Number         0  hrguard.o ABSOLUTE
    ../clib/heapaux.c                        0x00000000   Number         0  heapauxi.o ABSOLUTE
    ../clib/libinit.s                        0x00000000   Number         0  libshutdown2.o ABSOLUTE
    ../clib/libinit.s                        0x00000000   Number         0  libinit2.o ABSOLUTE
    ../clib/libinit.s                        0x00000000   Number         0  libinit.o ABSOLUTE
    ../clib/libinit.s                        0x00000000   Number         0  libshutdown.o ABSOLUTE
    ../clib/longlong.c                       0x00000000   Number         0  llmul.o ABSOLUTE
    ../clib/signal.c                         0x00000000   Number         0  defsig_rtmem_inner.o ABSOLUTE
    ../clib/signal.c                         0x00000000   Number         0  defsig_rtred_inner.o ABSOLUTE
    ../clib/signal.c                         0x00000000   Number         0  defsig_abrt_inner.o ABSOLUTE
    ../clib/signal.c                         0x00000000   Number         0  defsig_general.o ABSOLUTE
    ../clib/signal.c                         0x00000000   Number         0  __raise.o ABSOLUTE
    ../clib/signal.c                         0x00000000   Number         0  defsig_fpe_formal.o ABSOLUTE
    ../clib/signal.c                         0x00000000   Number         0  defsig_fpe_inner.o ABSOLUTE
    ../clib/signal.c                         0x00000000   Number         0  defsig_exit.o ABSOLUTE
    ../clib/signal.c                         0x00000000   Number         0  defsig_rtmem_formal.o ABSOLUTE
    ../clib/signal.c                         0x00000000   Number         0  defsig_fpe_outer.o ABSOLUTE
    ../clib/signal.c                         0x00000000   Number         0  defsig_other.o ABSOLUTE
    ../clib/signal.c                         0x00000000   Number         0  defsig_segv_inner.o ABSOLUTE
    ../clib/signal.c                         0x00000000   Number         0  defsig_cppl_inner.o ABSOLUTE
    ../clib/signal.c                         0x00000000   Number         0  defsig_pvfn_inner.o ABSOLUTE
    ../clib/signal.c                         0x00000000   Number         0  defsig_stak_inner.o ABSOLUTE
    ../clib/signal.c                         0x00000000   Number         0  defsig_rtmem_outer.o ABSOLUTE
    ../clib/signal.s                         0x00000000   Number         0  defsig.o ABSOLUTE
    ../clib/stdlib.c                         0x00000000   Number         0  exit.o ABSOLUTE
    ../fplib/cfplib/cmpret.c                 0x00000000   Number         0  cmpret.o ABSOLUTE
    ../fplib/cfplib/dcmpin.c                 0x00000000   Number         0  dcmpin.o ABSOLUTE
    ../fplib/cfplib/dmul.c                   0x00000000   Number         0  dmul.o ABSOLUTE
    ../fplib/cfplib/f2d.c                    0x00000000   Number         0  f2d.o ABSOLUTE
    ../fplib/cfplib/fcmpin.c                 0x00000000   Number         0  fcmpin.o ABSOLUTE
    ../fplib/cfplib/fdiv.c                   0x00000000   Number         0  fdiv.o ABSOLUTE
    ../fplib/cfplib/ffix.c                   0x00000000   Number         0  ffixui.o ABSOLUTE
    ../fplib/cfplib/ffix.c                   0x00000000   Number         0  dfixui.o ABSOLUTE
    ../fplib/cfplib/fflt.c                   0x00000000   Number         0  fflti.o ABSOLUTE
    ../fplib/cfplib/fflt.c                   0x00000000   Number         0  dflti.o ABSOLUTE
    ../fplib/cfplib/fpinit.c                 0x00000000   Number         0  fpinit.o ABSOLUTE
    ../fplib/cfplib/nan2.c                   0x00000000   Number         0  fnan2.o ABSOLUTE
    ../fplib/cfplib/nan2.c                   0x00000000   Number         0  dnan2.o ABSOLUTE
    ../fplib/cfplib/retnan.c                 0x00000000   Number         0  retnan.o ABSOLUTE
    ../fplib/drleqf6m.s                      0x00000000   Number         0  drlef.o ABSOLUTE
    ../fplib/fleqf6m.s                       0x00000000   Number         0  flef.o ABSOLUTE
    ../fplib/fmul6m.s                        0x00000000   Number         0  fmul.o ABSOLUTE
    ../fplib/usenofp.s                       0x00000000   Number         0  usenofp.o ABSOLUTE
    RTE\Device\STM32F042G4Ux\startup_stm32f042x6.s 0x00000000   Number         0  startup_stm32f042x6.o ABSOLUTE
    RTE\Device\STM32F042G4Ux\system_stm32f0xx.c 0x00000000   Number         0  system_stm32f0xx.o ABSOLUTE
    RTE\\Device\\STM32F042G4Ux\\system_stm32f0xx.c 0x00000000   Number         0  system_stm32f0xx.o ABSOLUTE
    SSD1306.c                                0x00000000   Number         0  ssd1306.o ABSOLUTE
    SSD1306.c                                0x00000000   Number         0  ssd1306.o ABSOLUTE
    VL53L0X.c                                0x00000000   Number         0  vl53l0x.o ABSOLUTE
    VL53L0X.c                                0x00000000   Number         0  vl53l0x.o ABSOLUTE
    bmp280.c                                 0x00000000   Number         0  bmp280.o ABSOLUTE
    bmp280.c                                 0x00000000   Number         0  bmp280.o ABSOLUTE
    dc.s                                     0x00000000   Number         0  dc.o ABSOLUTE
    main.c                                   0x00000000   Number         0  main.o ABSOLUTE
    main.c                                   0x00000000   Number         0  main.o ABSOLUTE
    RESET                                    0x08000000   Section      192  startup_stm32f042x6.o(RESET)
    !!!main                                  0x080000c0   Section        8  __main.o(!!!main)
    !!!scatter                               0x080000c8   Section       60  __scatter.o(!!!scatter)
    !!handler_copy                           0x08000104   Section       26  __scatter_copy.o(!!handler_copy)
    !!handler_zi                             0x08000120   Section       28  __scatter_zi.o(!!handler_zi)
    .ARM.Collect$$libinit$$00000000          0x0800013c   Section        2  libinit.o(.ARM.Collect$$libinit$$00000000)
    .ARM.Collect$$libinit$$00000002          0x0800013e   Section        0  libinit2.o(.ARM.Collect$$libinit$$00000002)
    .ARM.Collect$$libinit$$00000004          0x0800013e   Section        0  libinit2.o(.ARM.Collect$$libinit$$00000004)
    .ARM.Collect$$libinit$$0000000A          0x0800013e   Section        0  libinit2.o(.ARM.Collect$$libinit$$0000000A)
    .ARM.Collect$$libinit$$0000000C          0x0800013e   Section        0  libinit2.o(.ARM.Collect$$libinit$$0000000C)
    .ARM.Collect$$libinit$$0000000E          0x0800013e   Section        0  libinit2.o(.ARM.Collect$$libinit$$0000000E)
    .ARM.Collect$$libinit$$00000011          0x0800013e   Section        0  libinit2.o(.ARM.Collect$$libinit$$00000011)
    .ARM.Collect$$libinit$$00000013          0x0800013e   Section        0  libinit2.o(.ARM.Collect$$libinit$$00000013)
    .ARM.Collect$$libinit$$00000015          0x0800013e   Section        0  libinit2.o(.ARM.Collect$$libinit$$00000015)
    .ARM.Collect$$libinit$$00000017          0x0800013e   Section        0  libinit2.o(.ARM.Collect$$libinit$$00000017)
    .ARM.Collect$$libinit$$00000019          0x0800013e   Section        0  libinit2.o(.ARM.Collect$$libinit$$00000019)
    .ARM.Collect$$libinit$$0000001B          0x0800013e   Section        0  libinit2.o(.ARM.Collect$$libinit$$0000001B)
    .ARM.Collect$$libinit$$0000001D          0x0800013e   Section        0  libinit2.o(.ARM.Collect$$libinit$$0000001D)
    .ARM.Collect$$libinit$$0000001F          0x0800013e   Section        0  libinit2.o(.ARM.Collect$$libinit$$0000001F)
    .ARM.Collect$$libinit$$00000021          0x0800013e   Section        0  libinit2.o(.ARM.Collect$$libinit$$00000021)
    .ARM.Collect$$libinit$$00000023          0x0800013e   Section        0  libinit2.o(.ARM.Collect$$libinit$$00000023)
    .ARM.Collect$$libinit$$00000025          0x0800013e   Section        0  libinit2.o(.ARM.Collect$$libinit$$00000025)
    .ARM.Collect$$libinit$$0000002C          0x0800013e   Section        0  libinit2.o(.ARM.Collect$$libinit$$0000002C)
    .ARM.Collect$$libinit$$0000002E          0x0800013e   Section        0  libinit2.o(.ARM.Collect$$libinit$$0000002E)
    .ARM.Collect$$libinit$$00000030          0x0800013e   Section        0  libinit2.o(.ARM.Collect$$libinit$$00000030)
    .ARM.Collect$$libinit$$00000032          0x0800013e   Section        0  libinit2.o(.ARM.Collect$$libinit$$00000032)
    .ARM.Collect$$libinit$$00000033          0x0800013e   Section        2  libinit2.o(.ARM.Collect$$libinit$$00000033)
    .ARM.Collect$$libshutdown$$00000000      0x08000140   Section        2  libshutdown.o(.ARM.Collect$$libshutdown$$00000000)
    .ARM.Collect$$libshutdown$$00000002      0x08000142   Section        0  libshutdown2.o(.ARM.Collect$$libshutdown$$00000002)
    .ARM.Collect$$libshutdown$$00000004      0x08000142   Section        0  libshutdown2.o(.ARM.Collect$$libshutdown$$00000004)
    .ARM.Collect$$libshutdown$$00000007      0x08000142   Section        0  libshutdown2.o(.ARM.Collect$$libshutdown$$00000007)
    .ARM.Collect$$libshutdown$$0000000A      0x08000142   Section        0  libshutdown2.o(.ARM.Collect$$libshutdown$$0000000A)
    .ARM.Collect$$libshutdown$$0000000C      0x08000142   Section        0  libshutdown2.o(.ARM.Collect$$libshutdown$$0000000C)
    .ARM.Collect$$libshutdown$$0000000F      0x08000142   Section        0  libshutdown2.o(.ARM.Collect$$libshutdown$$0000000F)
    .ARM.Collect$$libshutdown$$00000010      0x08000142   Section        2  libshutdown2.o(.ARM.Collect$$libshutdown$$00000010)
    .ARM.Collect$$rtentry$$00000000          0x08000144   Section        0  __rtentry.o(.ARM.Collect$$rtentry$$00000000)
    .ARM.Collect$$rtentry$$00000002          0x08000144   Section        0  __rtentry2.o(.ARM.Collect$$rtentry$$00000002)
    .ARM.Collect$$rtentry$$00000004          0x08000144   Section        6  __rtentry4.o(.ARM.Collect$$rtentry$$00000004)
    .ARM.Collect$$rtentry$$00000009          0x0800014a   Section        0  __rtentry2.o(.ARM.Collect$$rtentry$$00000009)
    .ARM.Collect$$rtentry$$0000000A          0x0800014a   Section        4  __rtentry2.o(.ARM.Collect$$rtentry$$0000000A)
    .ARM.Collect$$rtentry$$0000000C          0x0800014e   Section        0  __rtentry2.o(.ARM.Collect$$rtentry$$0000000C)
    .ARM.Collect$$rtentry$$0000000D          0x0800014e   Section        8  __rtentry2.o(.ARM.Collect$$rtentry$$0000000D)
    .ARM.Collect$$rtexit$$00000000           0x08000156   Section        2  rtexit.o(.ARM.Collect$$rtexit$$00000000)
    .ARM.Collect$$rtexit$$00000002           0x08000158   Section        0  rtexit2.o(.ARM.Collect$$rtexit$$00000002)
    .ARM.Collect$$rtexit$$00000003           0x08000158   Section        4  rtexit2.o(.ARM.Collect$$rtexit$$00000003)
    .ARM.Collect$$rtexit$$00000004           0x0800015c   Section        6  rtexit2.o(.ARM.Collect$$rtexit$$00000004)
    .text                                    0x08000164   Section      116  startup_stm32f042x6.o(.text)
    .text                                    0x080001d8   Section        0  llmul.o(.text)
    .text                                    0x08000208   Section        0  llsdiv.o(.text)
    .text                                    0x08000278   Section      346  aeabi_sdiv.o(.text)
    .text                                    0x080003d2   Section        0  heapauxi.o(.text)
    .text                                    0x080003d8   Section        0  dfixui.o(.text)
    .text                                    0x08000420   Section        0  dflti.o(.text)
    .text                                    0x08000478   Section        0  dmul.o(.text)
    .text                                    0x080006c0   Section        0  lludiv.o(.text)
    .text                                    0x080007c2   Section       62  sys_stackheap_outer.o(.text)
    .text                                    0x08000800   Section        0  exit.o(.text)
    .text                                    0x08000810   Section        8  libspace.o(.text)
    .text                                    0x08000818   Section        0  sys_exit.o(.text)
    .text                                    0x08000824   Section        2  use_no_semi.o(.text)
    .text                                    0x08000826   Section        0  indicate_semi.o(.text)
    i.CMD                                    0x08000826   Section        0  ssd1306.o(i.CMD)
    i.I2C_Start                              0x08000838   Section        0  ssd1306.o(i.I2C_Start)
    i.I2C_Stop                               0x0800087c   Section        0  ssd1306.o(i.I2C_Stop)
    i.I2C_write                              0x080008b8   Section        0  ssd1306.o(i.I2C_write)
    i.LCD_Char                               0x080008e0   Section        0  ssd1306.o(i.LCD_Char)
    i.LCD_Clear                              0x08000940   Section        0  ssd1306.o(i.LCD_Clear)
    i.LCD_Gotoxy                             0x0800097c   Section        0  ssd1306.o(i.LCD_Gotoxy)
    i.LCD_Init                               0x080009b8   Section        0  ssd1306.o(i.LCD_Init)
    i.LCD_PrintDec                           0x080009e4   Section        0  ssd1306.o(i.LCD_PrintDec)
    i.LCD_PrintStr                           0x08000a3e   Section        0  ssd1306.o(i.LCD_PrintStr)
    i.SystemInit                             0x08000a58   Section        0  system_stm32f0xx.o(i.SystemInit)
    i.TIM17_IRQHandler                       0x08000acc   Section        0  main.o(i.TIM17_IRQHandler)
    i.TIM2_IRQHandler                        0x08000af0   Section        0  main.o(i.TIM2_IRQHandler)
    i.TimingDelayDec                         0x08000af8   Section        0  main.o(i.TimingDelayDec)
    i.__NVIC_SetPriority                     0x08000b4c   Section        0  main.o(i.__NVIC_SetPriority)
    __NVIC_SetPriority                       0x08000b4d   Thumb Code   110  main.o(i.__NVIC_SetPriority)
    i.bmp280_force_measurement               0x08000bc4   Section        0  bmp280.o(i.bmp280_force_measurement)
    i.bmp280_init                            0x08000be2   Section        0  bmp280.o(i.bmp280_init)
    i.bmp280_init_default_params             0x08000c7a   Section        0  bmp280.o(i.bmp280_init_default_params)
    i.bmp280_is_measuring                    0x08000c8e   Section        0  bmp280.o(i.bmp280_is_measuring)
    i.bmp280_read_fixed                      0x08000cac   Section        0  bmp280.o(i.bmp280_read_fixed)
    i.bmp280_sleep                           0x08000d90   Section        0  bmp280.o(i.bmp280_sleep)
    i.compensate_humidity                    0x08000d96   Section        0  bmp280.o(i.compensate_humidity)
    compensate_humidity                      0x08000d97   Thumb Code   124  bmp280.o(i.compensate_humidity)
    i.compensate_pressure                    0x08000e14   Section        0  bmp280.o(i.compensate_pressure)
    compensate_pressure                      0x08000e15   Thumb Code   504  bmp280.o(i.compensate_pressure)
    i.delay_ms                               0x08001010   Section        0  main.o(i.delay_ms)
    i.initial                                0x08001024   Section        0  main.o(i.initial)
    i.main                                   0x0800118c   Section        0  main.o(i.main)
    i.readMulti                              0x0800133c   Section        0  bmp280.o(i.readMulti)
    i.readReg8                               0x08001488   Section        0  bmp280.o(i.readReg8)
    i.read_calibration_data                  0x080015c4   Section        0  bmp280.o(i.read_calibration_data)
    read_calibration_data                    0x080015c5   Thumb Code   242  bmp280.o(i.read_calibration_data)
    i.read_hum_calibration_data              0x080016b6   Section        0  bmp280.o(i.read_hum_calibration_data)
    read_hum_calibration_data                0x080016b7   Thumb Code    98  bmp280.o(i.read_hum_calibration_data)
    i.writeReg8                              0x08001718   Section        0  bmp280.o(i.writeReg8)
    .constdata                               0x080017d0   Section     1138  ssd1306.o(.constdata)
    x$fpl$usenofp                            0x080017d0   Section        0  usenofp.o(x$fpl$usenofp)
    .data                                    0x20000000   Section       28  main.o(.data)
    .bss                                     0x2000001c   Section      176  main.o(.bss)
    .bss                                     0x200000cc   Section       96  libspace.o(.bss)
    HEAP                                     0x20000130   Section      512  startup_stm32f042x6.o(HEAP)
    Heap_Mem                                 0x20000130   Data         512  startup_stm32f042x6.o(HEAP)
    STACK                                    0x20000330   Section     1024  startup_stm32f042x6.o(STACK)
    Stack_Mem                                0x20000330   Data        1024  startup_stm32f042x6.o(STACK)
    __initial_sp                             0x20000730   Data           0  startup_stm32f042x6.o(STACK)

    Global Symbols

    Symbol Name                              Value     Ov Type        Size  Object(Section)

    BuildAttributes$$THM_ISAv3M$S$PE$A:L22$X:L11$S22$IEEE1$IW$USESV6$~STKCKD$USESV7$~SHL$OSPACE$ROPI$EBA8$UX$STANDARDLIB$REQ8$PRES8$EABIv2 0x00000000   Number         0  anon$$obj.o ABSOLUTE
    __ARM_use_no_argv                        0x00000000   Number         0  main.o ABSOLUTE
    __ARM_exceptions_init                     - Undefined Weak Reference
    __alloca_initialize                       - Undefined Weak Reference
    __arm_preinit_                            - Undefined Weak Reference
    __cpp_initialize__aeabi_                  - Undefined Weak Reference
    __cxa_finalize                            - Undefined Weak Reference
    __rt_locale                               - Undefined Weak Reference
    __sigvec_lookup                           - Undefined Weak Reference
    _atexit_init                              - Undefined Weak Reference
    _call_atexit_fns                          - Undefined Weak Reference
    _clock_init                               - Undefined Weak Reference
    _fp_trap_init                             - Undefined Weak Reference
    _fp_trap_shutdown                         - Undefined Weak Reference
    _get_lc_collate                           - Undefined Weak Reference
    _get_lc_ctype                             - Undefined Weak Reference
    _get_lc_monetary                          - Undefined Weak Reference
    _get_lc_numeric                           - Undefined Weak Reference
    _get_lc_time                              - Undefined Weak Reference
    _getenv_init                              - Undefined Weak Reference
    _handle_redirection                       - Undefined Weak Reference
    _init_alloc                               - Undefined Weak Reference
    _init_user_alloc                          - Undefined Weak Reference
    _initio                                   - Undefined Weak Reference
    _rand_init                                - Undefined Weak Reference
    _signal_finish                            - Undefined Weak Reference
    _signal_init                              - Undefined Weak Reference
    _terminate_alloc                          - Undefined Weak Reference
    _terminate_user_alloc                     - Undefined Weak Reference
    _terminateio                              - Undefined Weak Reference
    __Vectors_Size                           0x000000c0   Number         0  startup_stm32f042x6.o ABSOLUTE
    __Vectors                                0x08000000   Data           4  startup_stm32f042x6.o(RESET)
    __Vectors_End                            0x080000c0   Data           0  startup_stm32f042x6.o(RESET)
    __main                                   0x080000c1   Thumb Code     8  __main.o(!!!main)
    __scatterload                            0x080000c9   Thumb Code     0  __scatter.o(!!!scatter)
    __scatterload_rt2                        0x080000c9   Thumb Code    52  __scatter.o(!!!scatter)
    __scatterload_rt2_thumb_only             0x080000c9   Thumb Code     0  __scatter.o(!!!scatter)
    __scatterload_null                       0x080000d9   Thumb Code     0  __scatter.o(!!!scatter)
    __scatterload_copy                       0x08000105   Thumb Code    26  __scatter_copy.o(!!handler_copy)
    __scatterload_zeroinit                   0x08000121   Thumb Code    28  __scatter_zi.o(!!handler_zi)
    __rt_lib_init                            0x0800013d   Thumb Code     0  libinit.o(.ARM.Collect$$libinit$$00000000)
    __rt_lib_init_alloca_1                   0x0800013f   Thumb Code     0  libinit2.o(.ARM.Collect$$libinit$$0000002E)
    __rt_lib_init_argv_1                     0x0800013f   Thumb Code     0  libinit2.o(.ARM.Collect$$libinit$$0000002C)
    __rt_lib_init_atexit_1                   0x0800013f   Thumb Code     0  libinit2.o(.ARM.Collect$$libinit$$0000001B)
    __rt_lib_init_clock_1                    0x0800013f   Thumb Code     0  libinit2.o(.ARM.Collect$$libinit$$00000021)
    __rt_lib_init_cpp_1                      0x0800013f   Thumb Code     0  libinit2.o(.ARM.Collect$$libinit$$00000032)
    __rt_lib_init_exceptions_1               0x0800013f   Thumb Code     0  libinit2.o(.ARM.Collect$$libinit$$00000030)
    __rt_lib_init_fp_1                       0x0800013f   Thumb Code     0  libinit2.o(.ARM.Collect$$libinit$$00000002)
    __rt_lib_init_fp_trap_1                  0x0800013f   Thumb Code     0  libinit2.o(.ARM.Collect$$libinit$$0000001F)
    __rt_lib_init_getenv_1                   0x0800013f   Thumb Code     0  libinit2.o(.ARM.Collect$$libinit$$00000023)
    __rt_lib_init_heap_1                     0x0800013f   Thumb Code     0  libinit2.o(.ARM.Collect$$libinit$$0000000A)
    __rt_lib_init_lc_collate_1               0x0800013f   Thumb Code     0  libinit2.o(.ARM.Collect$$libinit$$00000011)
    __rt_lib_init_lc_ctype_1                 0x0800013f   Thumb Code     0  libinit2.o(.ARM.Collect$$libinit$$00000013)
    __rt_lib_init_lc_monetary_1              0x0800013f   Thumb Code     0  libinit2.o(.ARM.Collect$$libinit$$00000015)
    __rt_lib_init_lc_numeric_1               0x0800013f   Thumb Code     0  libinit2.o(.ARM.Collect$$libinit$$00000017)
    __rt_lib_init_lc_time_1                  0x0800013f   Thumb Code     0  libinit2.o(.ARM.Collect$$libinit$$00000019)
    __rt_lib_init_preinit_1                  0x0800013f   Thumb Code     0  libinit2.o(.ARM.Collect$$libinit$$00000004)
    __rt_lib_init_rand_1                     0x0800013f   Thumb Code     0  libinit2.o(.ARM.Collect$$libinit$$0000000E)
    __rt_lib_init_return                     0x0800013f   Thumb Code     0  libinit2.o(.ARM.Collect$$libinit$$00000033)
    __rt_lib_init_signal_1                   0x0800013f   Thumb Code     0  libinit2.o(.ARM.Collect$$libinit$$0000001D)
    __rt_lib_init_stdio_1                    0x0800013f   Thumb Code     0  libinit2.o(.ARM.Collect$$libinit$$00000025)
    __rt_lib_init_user_alloc_1               0x0800013f   Thumb Code     0  libinit2.o(.ARM.Collect$$libinit$$0000000C)
    __rt_lib_shutdown                        0x08000141   Thumb Code     0  libshutdown.o(.ARM.Collect$$libshutdown$$00000000)
    __rt_lib_shutdown_cpp_1                  0x08000143   Thumb Code     0  libshutdown2.o(.ARM.Collect$$libshutdown$$00000002)
    __rt_lib_shutdown_fp_trap_1              0x08000143   Thumb Code     0  libshutdown2.o(.ARM.Collect$$libshutdown$$00000007)
    __rt_lib_shutdown_heap_1                 0x08000143   Thumb Code     0  libshutdown2.o(.ARM.Collect$$libshutdown$$0000000F)
    __rt_lib_shutdown_return                 0x08000143   Thumb Code     0  libshutdown2.o(.ARM.Collect$$libshutdown$$00000010)
    __rt_lib_shutdown_signal_1               0x08000143   Thumb Code     0  libshutdown2.o(.ARM.Collect$$libshutdown$$0000000A)
    __rt_lib_shutdown_stdio_1                0x08000143   Thumb Code     0  libshutdown2.o(.ARM.Collect$$libshutdown$$00000004)
    __rt_lib_shutdown_user_alloc_1           0x08000143   Thumb Code     0  libshutdown2.o(.ARM.Collect$$libshutdown$$0000000C)
    __rt_entry                               0x08000145   Thumb Code     0  __rtentry.o(.ARM.Collect$$rtentry$$00000000)
    __rt_entry_presh_1                       0x08000145   Thumb Code     0  __rtentry2.o(.ARM.Collect$$rtentry$$00000002)
    __rt_entry_sh                            0x08000145   Thumb Code     0  __rtentry4.o(.ARM.Collect$$rtentry$$00000004)
    __rt_entry_li                            0x0800014b   Thumb Code     0  __rtentry2.o(.ARM.Collect$$rtentry$$0000000A)
    __rt_entry_postsh_1                      0x0800014b   Thumb Code     0  __rtentry2.o(.ARM.Collect$$rtentry$$00000009)
    __rt_entry_main                          0x0800014f   Thumb Code     0  __rtentry2.o(.ARM.Collect$$rtentry$$0000000D)
    __rt_entry_postli_1                      0x0800014f   Thumb Code     0  __rtentry2.o(.ARM.Collect$$rtentry$$0000000C)
    __rt_exit                                0x08000157   Thumb Code     0  rtexit.o(.ARM.Collect$$rtexit$$00000000)
    __rt_exit_ls                             0x08000159   Thumb Code     0  rtexit2.o(.ARM.Collect$$rtexit$$00000003)
    __rt_exit_prels_1                        0x08000159   Thumb Code     0  rtexit2.o(.ARM.Collect$$rtexit$$00000002)
    __rt_exit_exit                           0x0800015d   Thumb Code     0  rtexit2.o(.ARM.Collect$$rtexit$$00000004)
    Reset_Handler                            0x08000165   Thumb Code    38  startup_stm32f042x6.o(.text)
    NMI_Handler                              0x0800018b   Thumb Code     2  startup_stm32f042x6.o(.text)
    HardFault_Handler                        0x0800018d   Thumb Code     2  startup_stm32f042x6.o(.text)
    SVC_Handler                              0x0800018f   Thumb Code     2  startup_stm32f042x6.o(.text)
    PendSV_Handler                           0x08000191   Thumb Code     2  startup_stm32f042x6.o(.text)
    SysTick_Handler                          0x08000193   Thumb Code     2  startup_stm32f042x6.o(.text)
    ADC1_IRQHandler                          0x08000195   Thumb Code     0  startup_stm32f042x6.o(.text)
    CEC_CAN_IRQHandler                       0x08000195   Thumb Code     0  startup_stm32f042x6.o(.text)
    DMA1_Channel1_IRQHandler                 0x08000195   Thumb Code     0  startup_stm32f042x6.o(.text)
    DMA1_Channel2_3_IRQHandler               0x08000195   Thumb Code     0  startup_stm32f042x6.o(.text)
    DMA1_Channel4_5_IRQHandler               0x08000195   Thumb Code     0  startup_stm32f042x6.o(.text)
    EXTI0_1_IRQHandler                       0x08000195   Thumb Code     0  startup_stm32f042x6.o(.text)
    EXTI2_3_IRQHandler                       0x08000195   Thumb Code     0  startup_stm32f042x6.o(.text)
    EXTI4_15_IRQHandler                      0x08000195   Thumb Code     0  startup_stm32f042x6.o(.text)
    FLASH_IRQHandler                         0x08000195   Thumb Code     0  startup_stm32f042x6.o(.text)
    I2C1_IRQHandler                          0x08000195   Thumb Code     0  startup_stm32f042x6.o(.text)
    PVD_VDDIO2_IRQHandler                    0x08000195   Thumb Code     0  startup_stm32f042x6.o(.text)
    RCC_CRS_IRQHandler                       0x08000195   Thumb Code     0  startup_stm32f042x6.o(.text)
    RTC_IRQHandler                           0x08000195   Thumb Code     0  startup_stm32f042x6.o(.text)
    SPI1_IRQHandler                          0x08000195   Thumb Code     0  startup_stm32f042x6.o(.text)
    SPI2_IRQHandler                          0x08000195   Thumb Code     0  startup_stm32f042x6.o(.text)
    TIM14_IRQHandler                         0x08000195   Thumb Code     0  startup_stm32f042x6.o(.text)
    TIM16_IRQHandler                         0x08000195   Thumb Code     0  startup_stm32f042x6.o(.text)
    TIM1_BRK_UP_TRG_COM_IRQHandler           0x08000195   Thumb Code     0  startup_stm32f042x6.o(.text)
    TIM1_CC_IRQHandler                       0x08000195   Thumb Code     0  startup_stm32f042x6.o(.text)
    TIM3_IRQHandler                          0x08000195   Thumb Code     0  startup_stm32f042x6.o(.text)
    TSC_IRQHandler                           0x08000195   Thumb Code     0  startup_stm32f042x6.o(.text)
    USART1_IRQHandler                        0x08000195   Thumb Code     0  startup_stm32f042x6.o(.text)
    USART2_IRQHandler                        0x08000195   Thumb Code     0  startup_stm32f042x6.o(.text)
    USB_IRQHandler                           0x08000195   Thumb Code     0  startup_stm32f042x6.o(.text)
    WWDG_IRQHandler                          0x08000195   Thumb Code     0  startup_stm32f042x6.o(.text)
    __user_initial_stackheap                 0x08000199   Thumb Code     0  startup_stm32f042x6.o(.text)
    __aeabi_lmul                             0x080001d9   Thumb Code    48  llmul.o(.text)
    _ll_mul                                  0x080001d9   Thumb Code     0  llmul.o(.text)
    __aeabi_ldivmod                          0x08000209   Thumb Code   112  llsdiv.o(.text)
    _ll_sdiv                                 0x08000209   Thumb Code     0  llsdiv.o(.text)
    __aeabi_uidiv                            0x08000279   Thumb Code     0  aeabi_sdiv.o(.text)
    __aeabi_uidivmod                         0x08000279   Thumb Code    20  aeabi_sdiv.o(.text)
    __aeabi_idiv                             0x0800028d   Thumb Code     0  aeabi_sdiv.o(.text)
    __aeabi_idivmod                          0x0800028d   Thumb Code   326  aeabi_sdiv.o(.text)
    __use_two_region_memory                  0x080003d3   Thumb Code     2  heapauxi.o(.text)
    __rt_heap_escrow$2region                 0x080003d5   Thumb Code     2  heapauxi.o(.text)
    __rt_heap_expand$2region                 0x080003d7   Thumb Code     2  heapauxi.o(.text)
    __aeabi_d2uiz                            0x080003d9   Thumb Code     0  dfixui.o(.text)
    _dfixu                                   0x080003d9   Thumb Code    68  dfixui.o(.text)
    __aeabi_i2d_normalise                    0x08000421   Thumb Code    66  dflti.o(.text)
    __aeabi_i2d                              0x08000463   Thumb Code    16  dflti.o(.text)
    _dflt                                    0x08000463   Thumb Code     0  dflti.o(.text)
    __aeabi_ui2d                             0x08000473   Thumb Code     6  dflti.o(.text)
    _dfltu                                   0x08000473   Thumb Code     0  dflti.o(.text)
    __aeabi_dmul                             0x08000479   Thumb Code     0  dmul.o(.text)
    _dmul                                    0x08000479   Thumb Code   558  dmul.o(.text)
    __aeabi_uldivmod                         0x080006c1   Thumb Code   258  lludiv.o(.text)
    _ll_udiv                                 0x080006c1   Thumb Code     0  lludiv.o(.text)
    __user_setup_stackheap                   0x080007c3   Thumb Code    62  sys_stackheap_outer.o(.text)
    exit                                     0x08000801   Thumb Code    16  exit.o(.text)
    __user_libspace                          0x08000811   Thumb Code     8  libspace.o(.text)
    __user_perproc_libspace                  0x08000811   Thumb Code     0  libspace.o(.text)
    __user_perthread_libspace                0x08000811   Thumb Code     0  libspace.o(.text)
    _sys_exit                                0x08000819   Thumb Code     8  sys_exit.o(.text)
    __I$use$semihosting                      0x08000825   Thumb Code     0  use_no_semi.o(.text)
    __use_no_semihosting_swi                 0x08000825   Thumb Code     2  use_no_semi.o(.text)
    CMD                                      0x08000827   Thumb Code    18  ssd1306.o(i.CMD)
    __semihosting_library_function           0x08000827   Thumb Code     0  indicate_semi.o(.text)
    I2C_Start                                0x08000839   Thumb Code    56  ssd1306.o(i.I2C_Start)
    I2C_Stop                                 0x0800087d   Thumb Code    54  ssd1306.o(i.I2C_Stop)
    I2C_write                                0x080008b9   Thumb Code    34  ssd1306.o(i.I2C_write)
    LCD_Char                                 0x080008e1   Thumb Code    90  ssd1306.o(i.LCD_Char)
    LCD_Clear                                0x08000941   Thumb Code    60  ssd1306.o(i.LCD_Clear)
    LCD_Gotoxy                               0x0800097d   Thumb Code    58  ssd1306.o(i.LCD_Gotoxy)
    LCD_Init                                 0x080009b9   Thumb Code    38  ssd1306.o(i.LCD_Init)
    LCD_PrintDec                             0x080009e5   Thumb Code    90  ssd1306.o(i.LCD_PrintDec)
    LCD_PrintStr                             0x08000a3f   Thumb Code    26  ssd1306.o(i.LCD_PrintStr)
    SystemInit                               0x08000a59   Thumb Code   104  system_stm32f0xx.o(i.SystemInit)
    TIM17_IRQHandler                         0x08000acd   Thumb Code    32  main.o(i.TIM17_IRQHandler)
    TIM2_IRQHandler                          0x08000af1   Thumb Code     8  main.o(i.TIM2_IRQHandler)
    TimingDelayDec                           0x08000af9   Thumb Code    68  main.o(i.TimingDelayDec)
    bmp280_force_measurement                 0x08000bc5   Thumb Code    30  bmp280.o(i.bmp280_force_measurement)
    bmp280_init                              0x08000be3   Thumb Code   152  bmp280.o(i.bmp280_init)
    bmp280_init_default_params               0x08000c7b   Thumb Code    20  bmp280.o(i.bmp280_init_default_params)
    bmp280_is_measuring                      0x08000c8f   Thumb Code    28  bmp280.o(i.bmp280_is_measuring)
    bmp280_read_fixed                        0x08000cad   Thumb Code   218  bmp280.o(i.bmp280_read_fixed)
    bmp280_sleep                             0x08000d91   Thumb Code     6  bmp280.o(i.bmp280_sleep)
    delay_ms                                 0x08001011   Thumb Code    16  main.o(i.delay_ms)
    initial                                  0x08001025   Thumb Code   330  main.o(i.initial)
    main                                     0x0800118d   Thumb Code   328  main.o(i.main)
    readMulti                                0x0800133d   Thumb Code   312  bmp280.o(i.readMulti)
    readReg8                                 0x08001489   Thumb Code   294  bmp280.o(i.readReg8)
    writeReg8                                0x08001719   Thumb Code   172  bmp280.o(i.writeReg8)
    __I$use$fp                               0x080017d0   Number         0  usenofp.o(x$fpl$usenofp)
    init_lcd                                 0x080017d0   Data          18  ssd1306.o(.constdata)
    font                                     0x080017e2   Data        1120  ssd1306.o(.constdata)
    Region$$Table$$Base                      0x08001c44   Number         0  anon$$obj.o(Region$$Table)
    Region$$Table$$Limit                     0x08001c64   Number         0  anon$$obj.o(Region$$Table)
    i                                        0x20000000   Data           1  main.o(.data)
    j                                        0x20000001   Data           1  main.o(.data)
    flag                                     0x20000002   Data           1  main.o(.data)
    TimingDelay                              0x20000004   Data           2  main.o(.data)
    led_count                                0x20000006   Data           2  main.o(.data)
    sec05_f                                  0x20000008   Data           2  main.o(.data)
    s                                        0x2000000a   Data           2  main.o(.data)
    counter                                  0x2000000c   Data           2  main.o(.data)
    pressure                                 0x20000010   Data           4  main.o(.data)
    humidity                                 0x20000014   Data           4  main.o(.data)
    temperature                              0x20000018   Data           4  main.o(.data)
    BUFF                                     0x2000001c   Data         130  main.o(.bss)
    bmp280                                   0x2000009e   Data          46  main.o(.bss)
    __libspace_start                         0x200000cc   Data          96  libspace.o(.bss)
    __temporary_stack_top$libspace           0x2000012c   Data           0  libspace.o(.bss)



==============================================================================

Memory Map of the image

  Image Entry point : 0x08000165

  Load Region LR_1 (Base: 0x08000000, Size: 0x00001c80, Max: 0xffffffff, ABSOLUTE)

    Execution Region ER_RO (Exec base: 0x08000000, Load base: 0x08000000, Size: 0x00001c64, Max: 0xffffffff, ABSOLUTE)

    Exec Addr    Load Addr    Size         Type   Attr      Idx    E Section Name        Object

    0x08000000   0x08000000   0x000000c0   Data   RO          541    RESET               startup_stm32f042x6.o
    0x080000c0   0x080000c0   0x00000008   Code   RO          591  * !!!main             c_p.l(__main.o)
    0x080000c8   0x080000c8   0x0000003c   Code   RO          800    !!!scatter          c_p.l(__scatter.o)
    0x08000104   0x08000104   0x0000001a   Code   RO          802    !!handler_copy      c_p.l(__scatter_copy.o)
    0x0800011e   0x0800011e   0x00000002   PAD
    0x08000120   0x08000120   0x0000001c   Code   RO          804    !!handler_zi        c_p.l(__scatter_zi.o)
    0x0800013c   0x0800013c   0x00000002   Code   RO          667    .ARM.Collect$$libinit$$00000000  c_p.l(libinit.o)
    0x0800013e   0x0800013e   0x00000000   Code   RO          683    .ARM.Collect$$libinit$$00000002  c_p.l(libinit2.o)
    0x0800013e   0x0800013e   0x00000000   Code   RO          685    .ARM.Collect$$libinit$$00000004  c_p.l(libinit2.o)
    0x0800013e   0x0800013e   0x00000000   Code   RO          688    .ARM.Collect$$libinit$$0000000A  c_p.l(libinit2.o)
    0x0800013e   0x0800013e   0x00000000   Code   RO          690    .ARM.Collect$$libinit$$0000000C  c_p.l(libinit2.o)
    0x0800013e   0x0800013e   0x00000000   Code   RO          692    .ARM.Collect$$libinit$$0000000E  c_p.l(libinit2.o)
    0x0800013e   0x0800013e   0x00000000   Code   RO          695    .ARM.Collect$$libinit$$00000011  c_p.l(libinit2.o)
    0x0800013e   0x0800013e   0x00000000   Code   RO          697    .ARM.Collect$$libinit$$00000013  c_p.l(libinit2.o)
    0x0800013e   0x0800013e   0x00000000   Code   RO          699    .ARM.Collect$$libinit$$00000015  c_p.l(libinit2.o)
    0x0800013e   0x0800013e   0x00000000   Code   RO          701    .ARM.Collect$$libinit$$00000017  c_p.l(libinit2.o)
    0x0800013e   0x0800013e   0x00000000   Code   RO          703    .ARM.Collect$$libinit$$00000019  c_p.l(libinit2.o)
    0x0800013e   0x0800013e   0x00000000   Code   RO          705    .ARM.Collect$$libinit$$0000001B  c_p.l(libinit2.o)
    0x0800013e   0x0800013e   0x00000000   Code   RO          707    .ARM.Collect$$libinit$$0000001D  c_p.l(libinit2.o)
    0x0800013e   0x0800013e   0x00000000   Code   RO          709    .ARM.Collect$$libinit$$0000001F  c_p.l(libinit2.o)
    0x0800013e   0x0800013e   0x00000000   Code   RO          711    .ARM.Collect$$libinit$$00000021  c_p.l(libinit2.o)
    0x0800013e   0x0800013e   0x00000000   Code   RO          713    .ARM.Collect$$libinit$$00000023  c_p.l(libinit2.o)
    0x0800013e   0x0800013e   0x00000000   Code   RO          715    .ARM.Collect$$libinit$$00000025  c_p.l(libinit2.o)
    0x0800013e   0x0800013e   0x00000000   Code   RO          719    .ARM.Collect$$libinit$$0000002C  c_p.l(libinit2.o)
    0x0800013e   0x0800013e   0x00000000   Code   RO          721    .ARM.Collect$$libinit$$0000002E  c_p.l(libinit2.o)
    0x0800013e   0x0800013e   0x00000000   Code   RO          723    .ARM.Collect$$libinit$$00000030  c_p.l(libinit2.o)
    0x0800013e   0x0800013e   0x00000000   Code   RO          725    .ARM.Collect$$libinit$$00000032  c_p.l(libinit2.o)
    0x0800013e   0x0800013e   0x00000002   Code   RO          726    .ARM.Collect$$libinit$$00000033  c_p.l(libinit2.o)
    0x08000140   0x08000140   0x00000002   Code   RO          757    .ARM.Collect$$libshutdown$$00000000  c_p.l(libshutdown.o)
    0x08000142   0x08000142   0x00000000   Code   RO          783    .ARM.Collect$$libshutdown$$00000002  c_p.l(libshutdown2.o)
    0x08000142   0x08000142   0x00000000   Code   RO          785    .ARM.Collect$$libshutdown$$00000004  c_p.l(libshutdown2.o)
    0x08000142   0x08000142   0x00000000   Code   RO          788    .ARM.Collect$$libshutdown$$00000007  c_p.l(libshutdown2.o)
    0x08000142   0x08000142   0x00000000   Code   RO          791    .ARM.Collect$$libshutdown$$0000000A  c_p.l(libshutdown2.o)
    0x08000142   0x08000142   0x00000000   Code   RO          793    .ARM.Collect$$libshutdown$$0000000C  c_p.l(libshutdown2.o)
    0x08000142   0x08000142   0x00000000   Code   RO          796    .ARM.Collect$$libshutdown$$0000000F  c_p.l(libshutdown2.o)
    0x08000142   0x08000142   0x00000002   Code   RO          797    .ARM.Collect$$libshutdown$$00000010  c_p.l(libshutdown2.o)
    0x08000144   0x08000144   0x00000000   Code   RO          614    .ARM.Collect$$rtentry$$00000000  c_p.l(__rtentry.o)
    0x08000144   0x08000144   0x00000000   Code   RO          627    .ARM.Collect$$rtentry$$00000002  c_p.l(__rtentry2.o)
    0x08000144   0x08000144   0x00000006   Code   RO          639    .ARM.Collect$$rtentry$$00000004  c_p.l(__rtentry4.o)
    0x0800014a   0x0800014a   0x00000000   Code   RO          629    .ARM.Collect$$rtentry$$00000009  c_p.l(__rtentry2.o)
    0x0800014a   0x0800014a   0x00000004   Code   RO          630    .ARM.Collect$$rtentry$$0000000A  c_p.l(__rtentry2.o)
    0x0800014e   0x0800014e   0x00000000   Code   RO          632    .ARM.Collect$$rtentry$$0000000C  c_p.l(__rtentry2.o)
    0x0800014e   0x0800014e   0x00000008   Code   RO          633    .ARM.Collect$$rtentry$$0000000D  c_p.l(__rtentry2.o)
    0x08000156   0x08000156   0x00000002   Code   RO          674    .ARM.Collect$$rtexit$$00000000  c_p.l(rtexit.o)
    0x08000158   0x08000158   0x00000000   Code   RO          730    .ARM.Collect$$rtexit$$00000002  c_p.l(rtexit2.o)
    0x08000158   0x08000158   0x00000004   Code   RO          731    .ARM.Collect$$rtexit$$00000003  c_p.l(rtexit2.o)
    0x0800015c   0x0800015c   0x00000006   Code   RO          732    .ARM.Collect$$rtexit$$00000004  c_p.l(rtexit2.o)
    0x08000162   0x08000162   0x00000002   PAD
    0x08000164   0x08000164   0x00000074   Code   RO          542  * .text               startup_stm32f042x6.o
    0x080001d8   0x080001d8   0x00000030   Code   RO          581    .text               c_p.l(llmul.o)
    0x08000208   0x08000208   0x00000070   Code   RO          583    .text               c_p.l(llsdiv.o)
    0x08000278   0x08000278   0x0000015a   Code   RO          585    .text               c_p.l(aeabi_sdiv.o)
    0x080003d2   0x080003d2   0x00000006   Code   RO          589    .text               c_p.l(heapauxi.o)
    0x080003d8   0x080003d8   0x00000048   Code   RO          593    .text               fz_ps.l(dfixui.o)
    0x08000420   0x08000420   0x00000058   Code   RO          595    .text               fz_ps.l(dflti.o)
    0x08000478   0x08000478   0x00000248   Code   RO          597    .text               fz_ps.l(dmul.o)
    0x080006c0   0x080006c0   0x00000102   Code   RO          619    .text               c_p.l(lludiv.o)
    0x080007c2   0x080007c2   0x0000003e   Code   RO          653    .text               c_p.l(sys_stackheap_outer.o)
    0x08000800   0x08000800   0x00000010   Code   RO          656    .text               c_p.l(exit.o)
    0x08000810   0x08000810   0x00000008   Code   RO          670    .text               c_p.l(libspace.o)
    0x08000818   0x08000818   0x0000000c   Code   RO          727    .text               c_p.l(sys_exit.o)
    0x08000824   0x08000824   0x00000002   Code   RO          746    .text               c_p.l(use_no_semi.o)
    0x08000826   0x08000826   0x00000000   Code   RO          748    .text               c_p.l(indicate_semi.o)
    0x08000826   0x08000826   0x00000012   Code   RO          286    i.CMD               ssd1306.o
    0x08000838   0x08000838   0x00000044   Code   RO          288    i.I2C_Start         ssd1306.o
    0x0800087c   0x0800087c   0x0000003c   Code   RO          289    i.I2C_Stop          ssd1306.o
    0x080008b8   0x080008b8   0x00000028   Code   RO          290    i.I2C_write         ssd1306.o
    0x080008e0   0x080008e0   0x00000060   Code   RO          291    i.LCD_Char          ssd1306.o
    0x08000940   0x08000940   0x0000003c   Code   RO          292    i.LCD_Clear         ssd1306.o
    0x0800097c   0x0800097c   0x0000003a   Code   RO          294    i.LCD_Gotoxy        ssd1306.o
    0x080009b6   0x080009b6   0x00000002   PAD
    0x080009b8   0x080009b8   0x0000002c   Code   RO          295    i.LCD_Init          ssd1306.o
    0x080009e4   0x080009e4   0x0000005a   Code   RO          297    i.LCD_PrintDec      ssd1306.o
    0x08000a3e   0x08000a3e   0x0000001a   Code   RO          299    i.LCD_PrintStr      ssd1306.o
    0x08000a58   0x08000a58   0x00000074   Code   RO          549    i.SystemInit        system_stm32f0xx.o
    0x08000acc   0x08000acc   0x00000024   Code   RO            3    i.TIM17_IRQHandler  main.o
    0x08000af0   0x08000af0   0x00000008   Code   RO            4    i.TIM2_IRQHandler   main.o
    0x08000af8   0x08000af8   0x00000054   Code   RO            5    i.TimingDelayDec    main.o
    0x08000b4c   0x08000b4c   0x00000078   Code   RO            6    i.__NVIC_SetPriority  main.o
    0x08000bc4   0x08000bc4   0x0000001e   Code   RO          435    i.bmp280_force_measurement  bmp280.o
    0x08000be2   0x08000be2   0x00000098   Code   RO          436    i.bmp280_init       bmp280.o
    0x08000c7a   0x08000c7a   0x00000014   Code   RO          437    i.bmp280_init_default_params  bmp280.o
    0x08000c8e   0x08000c8e   0x0000001c   Code   RO          438    i.bmp280_is_measuring  bmp280.o
    0x08000caa   0x08000caa   0x00000002   PAD
    0x08000cac   0x08000cac   0x000000e4   Code   RO          439    i.bmp280_read_fixed  bmp280.o
    0x08000d90   0x08000d90   0x00000006   Code   RO          440    i.bmp280_sleep      bmp280.o
    0x08000d96   0x08000d96   0x0000007c   Code   RO          441    i.compensate_humidity  bmp280.o
    0x08000e12   0x08000e12   0x00000002   PAD
    0x08000e14   0x08000e14   0x000001fc   Code   RO          442    i.compensate_pressure  bmp280.o
    0x08001010   0x08001010   0x00000014   Code   RO            7    i.delay_ms          main.o
    0x08001024   0x08001024   0x00000168   Code   RO            8    i.initial           main.o
    0x0800118c   0x0800118c   0x000001b0   Code   RO            9    i.main              main.o
    0x0800133c   0x0800133c   0x0000014c   Code   RO          443    i.readMulti         bmp280.o
    0x08001488   0x08001488   0x0000013c   Code   RO          445    i.readReg8          bmp280.o
    0x080015c4   0x080015c4   0x000000f2   Code   RO          446    i.read_calibration_data  bmp280.o
    0x080016b6   0x080016b6   0x00000062   Code   RO          447    i.read_hum_calibration_data  bmp280.o
    0x08001718   0x08001718   0x000000b8   Code   RO          450    i.writeReg8         bmp280.o
    0x080017d0   0x080017d0   0x00000000   Code   RO          625    x$fpl$usenofp       fz_ps.l(usenofp.o)
    0x080017d0   0x080017d0   0x00000472   Data   RO          308    .constdata          ssd1306.o
    0x08001c42   0x08001c42   0x00000002   PAD
    0x08001c44   0x08001c44   0x00000020   Data   RO          798    Region$$Table       anon$$obj.o


    Execution Region ER_RW (Exec base: 0x20000000, Load base: 0x08001c64, Size: 0x0000001c, Max: 0xffffffff, ABSOLUTE)

    Exec Addr    Load Addr    Size         Type   Attr      Idx    E Section Name        Object

    0x20000000   0x08001c64   0x0000001c   Data   RW           11    .data               main.o


    Execution Region ER_ZI (Exec base: 0x2000001c, Load base: 0x08001c80, Size: 0x00000714, Max: 0xffffffff, ABSOLUTE)

    Exec Addr    Load Addr    Size         Type   Attr      Idx    E Section Name        Object

    0x2000001c        -       0x000000b0   Zero   RW           10    .bss                main.o
    0x200000cc        -       0x00000060   Zero   RW          671    .bss                c_p.l(libspace.o)
    0x2000012c   0x08001c80   0x00000004   PAD
    0x20000130        -       0x00000200   Zero   RW          540    HEAP                startup_stm32f042x6.o
    0x20000330        -       0x00000400   Zero   RW          539    STACK               startup_stm32f042x6.o


==============================================================================

Image component sizes


      Code (inc. data)   RO Data    RW Data    ZI Data      Debug   Object Name

      2268         68          0          0          0       9146   bmp280.o
      1060        168          0         28        176     374151   main.o
       560         36       1138          0          0       5818   ssd1306.o
       116         56        192          0       1536        672   startup_stm32f042x6.o
       116         12          0          0          0        481   system_stm32f0xx.o

    ----------------------------------------------------------------------
      4126        340       1364         28       1712     390268   Object Totals
         0          0         32          0          0          0   (incl. Generated)
         6          0          2          0          0          0   (incl. Padding)

    ----------------------------------------------------------------------

      Code (inc. data)   RO Data    RW Data    ZI Data      Debug   Library Member Name

         8          0          0          0          0         68   __main.o
         0          0          0          0          0          0   __rtentry.o
        12          0          0          0          0          0   __rtentry2.o
         6          0          0          0          0          0   __rtentry4.o
        60          8          0          0          0          0   __scatter.o
        26          0          0          0          0          0   __scatter_copy.o
        28          0          0          0          0          0   __scatter_zi.o
       346          0          0          0          0         92   aeabi_sdiv.o
        16          0          0          0          0         68   exit.o
         6          0          0          0          0        136   heapauxi.o
         0          0          0          0          0          0   indicate_semi.o
         2          0          0          0          0          0   libinit.o
         2          0          0          0          0          0   libinit2.o
         2          0          0          0          0          0   libshutdown.o
         2          0          0          0          0          0   libshutdown2.o
         8          4          0          0         96         68   libspace.o
        48          0          0          0          0         72   llmul.o
       112          0          0          0          0         72   llsdiv.o
       258          0          0          0          0         88   lludiv.o
         2          0          0          0          0          0   rtexit.o
        10          0          0          0          0          0   rtexit2.o
        12          4          0          0          0         60   sys_exit.o
        62          0          0          0          0         80   sys_stackheap_outer.o
         2          0          0          0          0         68   use_no_semi.o
        72          4          0          0          0         68   dfixui.o
        88          0          0          0          0         92   dflti.o
       584         26          0          0          0         84   dmul.o
         0          0          0          0          0          0   usenofp.o

    ----------------------------------------------------------------------
      1778         46          0          0        100       1116   Library Totals
         4          0          0          0          4          0   (incl. Padding)

    ----------------------------------------------------------------------

      Code (inc. data)   RO Data    RW Data    ZI Data      Debug   Library Name

      1030         16          0          0         96        872   c_p.l
       744         30          0          0          0        244   fz_ps.l

    ----------------------------------------------------------------------
      1778         46          0          0        100       1116   Library Totals

    ----------------------------------------------------------------------

==============================================================================


      Code (inc. data)   RO Data    RW Data    ZI Data      Debug   

      5904        386       1364         28       1812     389744   Grand Totals
      5904        386       1364         28       1812     389744   ELF Image Totals
      5904        386       1364         28          0          0   ROM Totals

==============================================================================

    Total RO  Size (Code + RO Data)                 7268 (   7.10kB)
    Total RW  Size (RW Data + ZI Data)              1840 (   1.80kB)
    Total ROM Size (Code + RO Data + RW Data)       7296 (   7.13kB)

==============================================================================

